  Determining projects to restore...
F:\Meno\Outfit-Planner\tests\OutfitPlanner.Application.UnitTests\OutfitPlanner.Application.UnitTests.csproj : warning NU1903: Package 'AutoMapper' 12.0.1 has a known high severity vulnerability, https://github.com/advisories/GHSA-rvv3-g6hj-g44x [F:\Meno\Outfit-Planner\OutfitPlanner.sln]
F:\Meno\Outfit-Planner\tests\OutfitPlanner.Application.IntegrationTests\OutfitPlanner.Application.IntegrationTests.csproj : warning NU1903: Package 'AutoMapper' 12.0.1 has a known high severity vulnerability, https://github.com/advisories/GHSA-rvv3-g6hj-g44x [F:\Meno\Outfit-Planner\OutfitPlanner.sln]
F:\Meno\Outfit-Planner\src\OutfitPlanner.Api\OutfitPlanner.Api.csproj : warning NU1903: Package 'AutoMapper' 12.0.1 has a known high severity vulnerability, https://github.com/advisories/GHSA-rvv3-g6hj-g44x [F:\Meno\Outfit-Planner\OutfitPlanner.sln]
F:\Meno\Outfit-Planner\src\OutfitPlanner.Application\OutfitPlanner.Application.csproj : warning NU1903: Package 'AutoMapper' 12.0.1 has a known high severity vulnerability, https://github.com/advisories/GHSA-rvv3-g6hj-g44x [F:\Meno\Outfit-Planner\OutfitPlanner.sln]
F:\Meno\Outfit-Planner\src\OutfitPlanner.Infrastructure\OutfitPlanner.Infrastructure.csproj : warning NU1903: Package 'AutoMapper' 12.0.1 has a known high severity vulnerability, https://github.com/advisories/GHSA-rvv3-g6hj-g44x [F:\Meno\Outfit-Planner\OutfitPlanner.sln]
F:\Meno\Outfit-Planner\src\OutfitPlanner.Application\OutfitPlanner.Application.csproj : warning NU1903: Package 'SixLabors.ImageSharp' 3.1.6 has a known high severity vulnerability, https://github.com/advisories/GHSA-2cmq-823j-5qj8 [F:\Meno\Outfit-Planner\OutfitPlanner.sln]
F:\Meno\Outfit-Planner\src\OutfitPlanner.Application\OutfitPlanner.Application.csproj : warning NU1902: Package 'SixLabors.ImageSharp' 3.1.6 has a known moderate severity vulnerability, https://github.com/advisories/GHSA-rxmq-m78w-7wmc [F:\Meno\Outfit-Planner\OutfitPlanner.sln]
F:\Meno\Outfit-Planner\src\OutfitPlanner.Persistence\OutfitPlanner.Persistence.csproj : warning NU1903: Package 'AutoMapper' 12.0.1 has a known high severity vulnerability, https://github.com/advisories/GHSA-rvv3-g6hj-g44x [F:\Meno\Outfit-Planner\OutfitPlanner.sln]
F:\Meno\Outfit-Planner\src\OutfitPlanner.Persistence\OutfitPlanner.Persistence.csproj : warning NU1903: Package 'SixLabors.ImageSharp' 3.1.6 has a known high severity vulnerability, https://github.com/advisories/GHSA-2cmq-823j-5qj8 [F:\Meno\Outfit-Planner\OutfitPlanner.sln]
F:\Meno\Outfit-Planner\src\OutfitPlanner.Persistence\OutfitPlanner.Persistence.csproj : warning NU1902: Package 'SixLabors.ImageSharp' 3.1.6 has a known moderate severity vulnerability, https://github.com/advisories/GHSA-rxmq-m78w-7wmc [F:\Meno\Outfit-Planner\OutfitPlanner.sln]
  All projects are up-to-date for restore.
F:\Meno\Outfit-Planner\src\OutfitPlanner.Persistence\OutfitPlanner.Persistence.csproj : warning NU1903: Package 'AutoMapper' 12.0.1 has a known high severity vulnerability, https://github.com/advisories/GHSA-rvv3-g6hj-g44x
F:\Meno\Outfit-Planner\src\OutfitPlanner.Persistence\OutfitPlanner.Persistence.csproj : warning NU1903: Package 'SixLabors.ImageSharp' 3.1.6 has a known high severity vulnerability, https://github.com/advisories/GHSA-2cmq-823j-5qj8
F:\Meno\Outfit-Planner\src\OutfitPlanner.Persistence\OutfitPlanner.Persistence.csproj : warning NU1902: Package 'SixLabors.ImageSharp' 3.1.6 has a known moderate severity vulnerability, https://github.com/advisories/GHSA-rxmq-m78w-7wmc
F:\Meno\Outfit-Planner\tests\OutfitPlanner.Application.UnitTests\OutfitPlanner.Application.UnitTests.csproj : warning NU1903: Package 'AutoMapper' 12.0.1 has a known high severity vulnerability, https://github.com/advisories/GHSA-rvv3-g6hj-g44x
F:\Meno\Outfit-Planner\src\OutfitPlanner.Infrastructure\OutfitPlanner.Infrastructure.csproj : warning NU1903: Package 'AutoMapper' 12.0.1 has a known high severity vulnerability, https://github.com/advisories/GHSA-rvv3-g6hj-g44x
F:\Meno\Outfit-Planner\src\OutfitPlanner.Application\OutfitPlanner.Application.csproj : warning NU1903: Package 'AutoMapper' 12.0.1 has a known high severity vulnerability, https://github.com/advisories/GHSA-rvv3-g6hj-g44x
F:\Meno\Outfit-Planner\src\OutfitPlanner.Application\OutfitPlanner.Application.csproj : warning NU1903: Package 'SixLabors.ImageSharp' 3.1.6 has a known high severity vulnerability, https://github.com/advisories/GHSA-2cmq-823j-5qj8
F:\Meno\Outfit-Planner\src\OutfitPlanner.Application\OutfitPlanner.Application.csproj : warning NU1902: Package 'SixLabors.ImageSharp' 3.1.6 has a known moderate severity vulnerability, https://github.com/advisories/GHSA-rxmq-m78w-7wmc
F:\Meno\Outfit-Planner\tests\OutfitPlanner.Application.IntegrationTests\OutfitPlanner.Application.IntegrationTests.csproj : warning NU1903: Package 'AutoMapper' 12.0.1 has a known high severity vulnerability, https://github.com/advisories/GHSA-rvv3-g6hj-g44x
F:\Meno\Outfit-Planner\src\OutfitPlanner.Api\OutfitPlanner.Api.csproj : warning NU1903: Package 'AutoMapper' 12.0.1 has a known high severity vulnerability, https://github.com/advisories/GHSA-rvv3-g6hj-g44x
  OutfitPlanner.Domain -> F:\Meno\Outfit-Planner\src\OutfitPlanner.Domain\bin\Debug\net10.0\OutfitPlanner.Domain.dll
F:\Meno\Outfit-Planner\src\OutfitPlanner.Application\Features\Admin\Handlers\Commands\ExportAnalyticsCommandHandler.cs(6,7): warning CS0105: The using directive for 'OutfitPlanner.Application.Common.Interfaces.Persistence' appeared previously in this namespace [F:\Meno\Outfit-Planner\src\OutfitPlanner.Application\OutfitPlanner.Application.csproj]
F:\Meno\Outfit-Planner\src\OutfitPlanner.Application\Features\Admin\Handlers\Queries\GetRealtimeAnalyticsQueryHandler.cs(14,7): warning CS0105: The using directive for 'OutfitPlanner.Domain.Entities' appeared previously in this namespace [F:\Meno\Outfit-Planner\src\OutfitPlanner.Application\OutfitPlanner.Application.csproj]
F:\Meno\Outfit-Planner\src\OutfitPlanner.Application\Features\Outfits\Handlers\Commands\DeleteOutfitCommandHandler.cs(7,7): warning CS0105: The using directive for 'OutfitPlanner.Application.Common.Interfaces.Persistence' appeared previously in this namespace [F:\Meno\Outfit-Planner\src\OutfitPlanner.Application\OutfitPlanner.Application.csproj]
F:\Meno\Outfit-Planner\src\OutfitPlanner.Application\Features\Outfits\Handlers\Queries\GetOutfitByIdRequestHandler.cs(7,7): warning CS0105: The using directive for 'OutfitPlanner.Application.Common.Interfaces.Persistence' appeared previously in this namespace [F:\Meno\Outfit-Planner\src\OutfitPlanner.Application\OutfitPlanner.Application.csproj]
F:\Meno\Outfit-Planner\src\OutfitPlanner.Application\Features\ClothingItems\Requests\Queries\GetClothingItemsByCategoryRequest.cs(8,19): warning CS8618: Non-nullable property 'UserId' must contain a non-null value when exiting constructor. Consider adding the 'required' modifier or declaring the property as nullable. [F:\Meno\Outfit-Planner\src\OutfitPlanner.Application\OutfitPlanner.Application.csproj]
F:\Meno\Outfit-Planner\src\OutfitPlanner.Application\Features\ClothingItems\Requests\Queries\GetClothingItemsByCategoryRequest.cs(9,19): warning CS8618: Non-nullable property 'Category' must contain a non-null value when exiting constructor. Consider adding the 'required' modifier or declaring the property as nullable. [F:\Meno\Outfit-Planner\src\OutfitPlanner.Application\OutfitPlanner.Application.csproj]
F:\Meno\Outfit-Planner\src\OutfitPlanner.Application\Features\ClothingItems\Requests\Queries\GetClothingItemListRequest.cs(9,23): warning CS8618: Non-nullable property 'UserId' must contain a non-null value when exiting constructor. Consider adding the 'required' modifier or declaring the property as nullable. [F:\Meno\Outfit-Planner\src\OutfitPlanner.Application\OutfitPlanner.Application.csproj]
F:\Meno\Outfit-Planner\src\OutfitPlanner.Application\Features\ClothingItems\Requests\Commands\Validators\UpdateClothingItemCommandValidator.cs(15,27): warning CS8620: Argument of type 'UpdateClothingItemRequestValidator' cannot be used for parameter 'validator' of type 'IValidator<UpdateClothingItemDto?>' in 'IRuleBuilderOptions<UpdateClothingItemCommand, UpdateClothingItemDto?> IRuleBuilder<UpdateClothingItemCommand, UpdateClothingItemDto?>.SetValidator(IValidator<UpdateClothingItemDto?> validator, params string[] ruleSets)' due to differences in the nullability of reference types. [F:\Meno\Outfit-Planner\src\OutfitPlanner.Application\OutfitPlanner.Application.csproj]
F:\Meno\Outfit-Planner\src\OutfitPlanner.Application\Features\ClothingItems\Requests\Commands\CreateClothingItemCommand.cs(10,34): warning CS8618: Non-nullable property 'Request' must contain a non-null value when exiting constructor. Consider adding the 'required' modifier or declaring the property as nullable. [F:\Meno\Outfit-Planner\src\OutfitPlanner.Application\OutfitPlanner.Application.csproj]
F:\Meno\Outfit-Planner\src\OutfitPlanner.Application\Features\Admin\Handlers\Queries\GetUserStatisticsQueryHandler.cs(33,25): error CS1061: 'Outfit' does not contain a definition for 'CreatedById' and no accessible extension method 'CreatedById' accepting a first argument of type 'Outfit' could be found (are you missing a using directive or an assembly reference?) [F:\Meno\Outfit-Planner\src\OutfitPlanner.Application\OutfitPlanner.Application.csproj]
F:\Meno\Outfit-Planner\src\OutfitPlanner.Application\Features\Admin\Handlers\Queries\GetUserStatisticsQueryHandler.cs(38,23): error CS0019: Operator '==' cannot be applied to operands of type 'string' and 'Guid' [F:\Meno\Outfit-Planner\src\OutfitPlanner.Application\OutfitPlanner.Application.csproj]
F:\Meno\Outfit-Planner\src\OutfitPlanner.Application\Features\Admin\Handlers\Queries\GetUserStatisticsQueryHandler.cs(43,25): error CS1061: 'PostComment' does not contain a definition for 'CreatedById' and no accessible extension method 'CreatedById' accepting a first argument of type 'PostComment' could be found (are you missing a using directive or an assembly reference?) [F:\Meno\Outfit-Planner\src\OutfitPlanner.Application\OutfitPlanner.Application.csproj]
F:\Meno\Outfit-Planner\src\OutfitPlanner.Application\Features\Admin\Handlers\Queries\GetUserStatisticsQueryHandler.cs(48,25): error CS1061: 'PostReaction' does not contain a definition for 'CreatedById' and no accessible extension method 'CreatedById' accepting a first argument of type 'PostReaction' could be found (are you missing a using directive or an assembly reference?) [F:\Meno\Outfit-Planner\src\OutfitPlanner.Application\OutfitPlanner.Application.csproj]
F:\Meno\Outfit-Planner\src\OutfitPlanner.Application\Features\Admin\Handlers\Commands\SystemManagementCommandHandlers.cs(207,32): error CS0246: The type or namespace name 'AuditLog' could not be found (are you missing a using directive or an assembly reference?) [F:\Meno\Outfit-Planner\src\OutfitPlanner.Application\OutfitPlanner.Application.csproj]
F:\Meno\Outfit-Planner\src\OutfitPlanner.Application\Features\Admin\Handlers\Commands\SystemManagementCommandHandlers.cs(222,42): error CS0246: The type or namespace name 'AuditLog' could not be found (are you missing a using directive or an assembly reference?) [F:\Meno\Outfit-Planner\src\OutfitPlanner.Application\OutfitPlanner.Application.csproj]
F:\Meno\Outfit-Planner\src\OutfitPlanner.Application\Features\Admin\Handlers\Commands\SystemManagementCommandHandlers.cs(156,34): error CS0246: The type or namespace name 'AuditLog' could not be found (are you missing a using directive or an assembly reference?) [F:\Meno\Outfit-Planner\src\OutfitPlanner.Application\OutfitPlanner.Application.csproj]
F:\Meno\Outfit-Planner\src\OutfitPlanner.Application\Features\Admin\Handlers\Commands\SystemManagementCommandHandlers.cs(171,42): error CS0246: The type or namespace name 'AuditLog' could not be found (are you missing a using directive or an assembly reference?) [F:\Meno\Outfit-Planner\src\OutfitPlanner.Application\OutfitPlanner.Application.csproj]
F:\Meno\Outfit-Planner\src\OutfitPlanner.Application\Features\Admin\Handlers\Commands\SystemManagementCommandHandlers.cs(87,33): error CS0246: The type or namespace name 'AuditLog' could not be found (are you missing a using directive or an assembly reference?) [F:\Meno\Outfit-Planner\src\OutfitPlanner.Application\OutfitPlanner.Application.csproj]
F:\Meno\Outfit-Planner\src\OutfitPlanner.Application\Features\Admin\Handlers\Commands\SystemManagementCommandHandlers.cs(102,42): error CS0246: The type or namespace name 'AuditLog' could not be found (are you missing a using directive or an assembly reference?) [F:\Meno\Outfit-Planner\src\OutfitPlanner.Application\OutfitPlanner.Application.csproj]
F:\Meno\Outfit-Planner\src\OutfitPlanner.Application\Features\Admin\Handlers\Queries\GetUsersQueryHandler.cs(31,44): error CS0118: 'User' is a namespace but is used like a type [F:\Meno\Outfit-Planner\src\OutfitPlanner.Application\OutfitPlanner.Application.csproj]
F:\Meno\Outfit-Planner\src\OutfitPlanner.Application\Features\Admin\Handlers\Commands\SystemManagementCommandHandlers.cs(31,38): error CS0246: The type or namespace name 'AuditLog' could not be found (are you missing a using directive or an assembly reference?) [F:\Meno\Outfit-Planner\src\OutfitPlanner.Application\OutfitPlanner.Application.csproj]
F:\Meno\Outfit-Planner\src\OutfitPlanner.Application\Features\Admin\Handlers\Commands\SystemManagementCommandHandlers.cs(46,42): error CS0246: The type or namespace name 'AuditLog' could not be found (are you missing a using directive or an assembly reference?) [F:\Meno\Outfit-Planner\src\OutfitPlanner.Application\OutfitPlanner.Application.csproj]
F:\Meno\Outfit-Planner\src\OutfitPlanner.Application\Features\Admin\Handlers\Commands\ResolveReportCommandHandler.cs(39,15): error CS0103: The name '_context' does not exist in the current context [F:\Meno\Outfit-Planner\src\OutfitPlanner.Application\OutfitPlanner.Application.csproj]
F:\Meno\Outfit-Planner\src\OutfitPlanner.Application\Features\Admin\Handlers\Commands\ResolveReportCommandHandler.cs(51,13): error CS1503: Argument 3: cannot convert from 'string' to 'System.Guid' [F:\Meno\Outfit-Planner\src\OutfitPlanner.Application\OutfitPlanner.Application.csproj]
F:\Meno\Outfit-Planner\src\OutfitPlanner.Application\Features\Admin\Handlers\Commands\ResolveReportCommandHandler.cs(54,13): error CS1503: Argument 6: cannot convert from 'string' to 'System.Guid?' [F:\Meno\Outfit-Planner\src\OutfitPlanner.Application\OutfitPlanner.Application.csproj]
F:\Meno\Outfit-Planner\src\OutfitPlanner.Application\Features\Admin\Handlers\Commands\ResolveReportCommandHandler.cs(69,57): error CS1503: Argument 1: cannot convert from 'string' to 'System.Guid' [F:\Meno\Outfit-Planner\src\OutfitPlanner.Application\OutfitPlanner.Application.csproj]
F:\Meno\Outfit-Planner\src\OutfitPlanner.Application\Features\Admin\Handlers\Commands\ResolveReportCommandHandler.cs(69,118): error CS1503: Argument 3: cannot convert from 'System.DateTimeOffset' to 'System.DateTime?' [F:\Meno\Outfit-Planner\src\OutfitPlanner.Application\OutfitPlanner.Application.csproj]
F:\Meno\Outfit-Planner\src\OutfitPlanner.Application\Features\Admin\Handlers\Commands\ResolveReportCommandHandler.cs(80,57): error CS1503: Argument 1: cannot convert from 'string' to 'System.Guid' [F:\Meno\Outfit-Planner\src\OutfitPlanner.Application\OutfitPlanner.Application.csproj]
F:\Meno\Outfit-Planner\src\OutfitPlanner.Application\Features\Admin\Handlers\Queries\GetUserDetailQueryHandler.cs(34,29): error CS1061: 'User' does not contain a definition for 'Claims' and no accessible extension method 'Claims' accepting a first argument of type 'User' could be found (are you missing a using directive or an assembly reference?) [F:\Meno\Outfit-Planner\src\OutfitPlanner.Application\OutfitPlanner.Application.csproj]
F:\Meno\Outfit-Planner\src\OutfitPlanner.Application\Features\Admin\Handlers\Queries\GetUserDetailQueryHandler.cs(46,14): error CS0411: The type arguments for method 'ImmutableArrayExtensions.Where<T>(ImmutableArray<T>, Func<T, bool>)' cannot be inferred from the usage. Try specifying the type arguments explicitly. [F:\Meno\Outfit-Planner\src\OutfitPlanner.Application\OutfitPlanner.Application.csproj]
F:\Meno\Outfit-Planner\src\OutfitPlanner.Application\Features\Admin\Handlers\Queries\GetUserDetailQueryHandler.cs(53,13): error CS1503: Argument 1: cannot convert from 'string' to 'System.Guid' [F:\Meno\Outfit-Planner\src\OutfitPlanner.Application\OutfitPlanner.Application.csproj]
F:\Meno\Outfit-Planner\src\OutfitPlanner.Application\Features\Admin\Handlers\Commands\ResolveReportCommandHandler.cs(90,34): error CS0103: The name '_context' does not exist in the current context [F:\Meno\Outfit-Planner\src\OutfitPlanner.Application\OutfitPlanner.Application.csproj]
F:\Meno\Outfit-Planner\src\OutfitPlanner.Application\Features\Admin\Handlers\Commands\ResolveReportCommandHandler.cs(92,21): error CS0103: The name '_context' does not exist in the current context [F:\Meno\Outfit-Planner\src\OutfitPlanner.Application\OutfitPlanner.Application.csproj]
F:\Meno\Outfit-Planner\src\OutfitPlanner.Application\Features\Admin\Handlers\Commands\ResolveReportCommandHandler.cs(96,34): error CS0103: The name '_context' does not exist in the current context [F:\Meno\Outfit-Planner\src\OutfitPlanner.Application\OutfitPlanner.Application.csproj]
F:\Meno\Outfit-Planner\src\OutfitPlanner.Application\Features\Admin\Handlers\Commands\ResolveReportCommandHandler.cs(98,21): error CS0103: The name '_context' does not exist in the current context [F:\Meno\Outfit-Planner\src\OutfitPlanner.Application\OutfitPlanner.Application.csproj]
F:\Meno\Outfit-Planner\src\OutfitPlanner.Application\Features\Admin\Handlers\Commands\ResolveReportCommandHandler.cs(102,37): error CS0103: The name '_context' does not exist in the current context [F:\Meno\Outfit-Planner\src\OutfitPlanner.Application\OutfitPlanner.Application.csproj]
F:\Meno\Outfit-Planner\src\OutfitPlanner.Application\Features\Admin\Handlers\Commands\ResolveReportCommandHandler.cs(104,21): error CS0103: The name '_context' does not exist in the current context [F:\Meno\Outfit-Planner\src\OutfitPlanner.Application\OutfitPlanner.Application.csproj]
F:\Meno\Outfit-Planner\src\OutfitPlanner.Application\Features\Admin\Handlers\Commands\ResolveReportCommandHandler.cs(108,15): error CS0103: The name '_context' does not exist in the current context [F:\Meno\Outfit-Planner\src\OutfitPlanner.Application\OutfitPlanner.Application.csproj]
F:\Meno\Outfit-Planner\src\OutfitPlanner.Application\Features\Admin\Handlers\Commands\PollManagementCommandHandlers.cs(187,39): error CS0266: Cannot implicitly convert type 'OutfitPlanner.Application.DTOs.Admin.PollStatus' to 'OutfitPlanner.Domain.Enums.PollStatus'. An explicit conversion exists (are you missing a cast?) [F:\Meno\Outfit-Planner\src\OutfitPlanner.Application\OutfitPlanner.Application.csproj]
F:\Meno\Outfit-Planner\src\OutfitPlanner.Application\Features\Admin\Handlers\Commands\PollManagementCommandHandlers.cs(188,30): error CS1061: 'ValidationPoll' does not contain a definition for 'EndsAt' and no accessible extension method 'EndsAt' accepting a first argument of type 'ValidationPoll' could be found (are you missing a using directive or an assembly reference?) [F:\Meno\Outfit-Planner\src\OutfitPlanner.Application\OutfitPlanner.Application.csproj]
F:\Meno\Outfit-Planner\src\OutfitPlanner.Application\Features\Admin\Handlers\Commands\PollManagementCommandHandlers.cs(194,30): error CS1061: 'ValidationPoll' does not contain a definition for 'IsFeatured' and no accessible extension method 'IsFeatured' accepting a first argument of type 'ValidationPoll' could be found (are you missing a using directive or an assembly reference?) [F:\Meno\Outfit-Planner\src\OutfitPlanner.Application\OutfitPlanner.Application.csproj]
F:\Meno\Outfit-Planner\src\OutfitPlanner.Application\Features\Admin\Handlers\Commands\PollManagementCommandHandlers.cs(195,39): error CS0266: Cannot implicitly convert type 'OutfitPlanner.Application.DTOs.Admin.PollStatus' to 'OutfitPlanner.Domain.Enums.PollStatus'. An explicit conversion exists (are you missing a cast?) [F:\Meno\Outfit-Planner\src\OutfitPlanner.Application\OutfitPlanner.Application.csproj]
F:\Meno\Outfit-Planner\src\OutfitPlanner.Application\Features\Admin\Handlers\Commands\PollManagementCommandHandlers.cs(196,30): error CS1061: 'ValidationPoll' does not contain a definition for 'FeaturedAt' and no accessible extension method 'FeaturedAt' accepting a first argument of type 'ValidationPoll' could be found (are you missing a using directive or an assembly reference?) [F:\Meno\Outfit-Planner\src\OutfitPlanner.Application\OutfitPlanner.Application.csproj]
F:\Meno\Outfit-Planner\src\OutfitPlanner.Application\Features\Admin\Handlers\Commands\PollManagementCommandHandlers.cs(202,30): error CS1061: 'ValidationPoll' does not contain a definition for 'IsFeatured' and no accessible extension method 'IsFeatured' accepting a first argument of type 'ValidationPoll' could be found (are you missing a using directive or an assembly reference?) [F:\Meno\Outfit-Planner\src\OutfitPlanner.Application\OutfitPlanner.Application.csproj]
F:\Meno\Outfit-Planner\src\OutfitPlanner.Application\Features\Admin\Handlers\Commands\PollManagementCommandHandlers.cs(203,44): error CS1061: 'ValidationPoll' does not contain a definition for 'EndsAt' and no accessible extension method 'EndsAt' accepting a first argument of type 'ValidationPoll' could be found (are you missing a using directive or an assembly reference?) [F:\Meno\Outfit-Planner\src\OutfitPlanner.Application\OutfitPlanner.Application.csproj]
F:\Meno\Outfit-Planner\src\OutfitPlanner.Application\Features\Admin\Handlers\Commands\PollManagementCommandHandlers.cs(203,68): error CS1061: 'ValidationPoll' does not contain a definition for 'EndsAt' and no accessible extension method 'EndsAt' accepting a first argument of type 'ValidationPoll' could be found (are you missing a using directive or an assembly reference?) [F:\Meno\Outfit-Planner\src\OutfitPlanner.Application\OutfitPlanner.Application.csproj]
F:\Meno\Outfit-Planner\src\OutfitPlanner.Application\Features\Admin\Handlers\Commands\PollManagementCommandHandlers.cs(204,30): error CS1061: 'ValidationPoll' does not contain a definition for 'FeaturedAt' and no accessible extension method 'FeaturedAt' accepting a first argument of type 'ValidationPoll' could be found (are you missing a using directive or an assembly reference?) [F:\Meno\Outfit-Planner\src\OutfitPlanner.Application\OutfitPlanner.Application.csproj]
F:\Meno\Outfit-Planner\src\OutfitPlanner.Application\Features\Admin\Handlers\Commands\PollManagementCommandHandlers.cs(226,15): error CS0103: The name '_context' does not exist in the current context [F:\Meno\Outfit-Planner\src\OutfitPlanner.Application\OutfitPlanner.Application.csproj]
F:\Meno\Outfit-Planner\src\OutfitPlanner.Application\Features\Admin\Handlers\Queries\GetReportsQueryHandler.cs(25,43): error CS1061: 'IQueryable<ContentReport>' does not contain a definition for 'Include' and no accessible extension method 'Include' accepting a first argument of type 'IQueryable<ContentReport>' could be found (are you missing a using directive or an assembly reference?) [F:\Meno\Outfit-Planner\src\OutfitPlanner.Application\OutfitPlanner.Application.csproj]
F:\Meno\Outfit-Planner\src\OutfitPlanner.Application\Features\Admin\Handlers\Queries\GetReportsQueryHandler.cs(40,33): error CS0411: The type arguments for method 'AsyncEnumerable.CountAsync<TSource>(IAsyncEnumerable<TSource>, Func<TSource, bool>, CancellationToken)' cannot be inferred from the usage. Try specifying the type arguments explicitly. [F:\Meno\Outfit-Planner\src\OutfitPlanner.Application\OutfitPlanner.Application.csproj]
F:\Meno\Outfit-Planner\src\OutfitPlanner.Application\Features\Admin\Handlers\Queries\GetReportsQueryHandler.cs(47,19): error CS1061: 'ContentReport' does not contain a definition for 'ReporterUser' and no accessible extension method 'ReporterUser' accepting a first argument of type 'ContentReport' could be found (are you missing a using directive or an assembly reference?) [F:\Meno\Outfit-Planner\src\OutfitPlanner.Application\OutfitPlanner.Application.csproj]
F:\Meno\Outfit-Planner\src\OutfitPlanner.Application\Features\Admin\Handlers\Queries\GetReportsQueryHandler.cs(48,17): error CS1503: Argument 3: cannot convert from 'string' to 'System.Guid' [F:\Meno\Outfit-Planner\src\OutfitPlanner.Application\OutfitPlanner.Application.csproj]
F:\Meno\Outfit-Planner\src\OutfitPlanner.Application\Features\Admin\Handlers\Queries\GetRealtimeAnalyticsQueryHandler.cs(48,20): error CS7036: There is no argument given that corresponds to the required parameter 'LastUpdated' of 'RealtimeAnalyticsDto.RealtimeAnalyticsDto(int, int, int, DateTime)' [F:\Meno\Outfit-Planner\src\OutfitPlanner.Application\OutfitPlanner.Application.csproj]
F:\Meno\Outfit-Planner\src\OutfitPlanner.Application\Features\Admin\Handlers\Commands\PollManagementCommandHandlers.cs(138,86): error CS1061: 'IQueryable<ValidationPoll>' does not contain a definition for 'Include' and no accessible extension method 'Include' accepting a first argument of type 'IQueryable<ValidationPoll>' could be found (are you missing a using directive or an assembly reference?) [F:\Meno\Outfit-Planner\src\OutfitPlanner.Application\OutfitPlanner.Application.csproj]
F:\Meno\Outfit-Planner\src\OutfitPlanner.Application\Features\Admin\Handlers\Commands\PollManagementCommandHandlers.cs(107,18): error CS1061: 'ValidationPoll' does not contain a definition for 'IsFeatured' and no accessible extension method 'IsFeatured' accepting a first argument of type 'ValidationPoll' could be found (are you missing a using directive or an assembly reference?) [F:\Meno\Outfit-Planner\src\OutfitPlanner.Application\OutfitPlanner.Application.csproj]
F:\Meno\Outfit-Planner\src\OutfitPlanner.Application\Features\Admin\Handlers\Commands\PollManagementCommandHandlers.cs(108,32): error CS1061: 'ValidationPoll' does not contain a definition for 'EndsAt' and no accessible extension method 'EndsAt' accepting a first argument of type 'ValidationPoll' could be found (are you missing a using directive or an assembly reference?) [F:\Meno\Outfit-Planner\src\OutfitPlanner.Application\OutfitPlanner.Application.csproj]
F:\Meno\Outfit-Planner\src\OutfitPlanner.Application\Features\Admin\Handlers\Commands\PollManagementCommandHandlers.cs(108,56): error CS1061: 'ValidationPoll' does not contain a definition for 'EndsAt' and no accessible extension method 'EndsAt' accepting a first argument of type 'ValidationPoll' could be found (are you missing a using directive or an assembly reference?) [F:\Meno\Outfit-Planner\src\OutfitPlanner.Application\OutfitPlanner.Application.csproj]
F:\Meno\Outfit-Planner\src\OutfitPlanner.Application\Features\Admin\Handlers\Commands\PollManagementCommandHandlers.cs(109,18): error CS1061: 'ValidationPoll' does not contain a definition for 'FeaturedAt' and no accessible extension method 'FeaturedAt' accepting a first argument of type 'ValidationPoll' could be found (are you missing a using directive or an assembly reference?) [F:\Meno\Outfit-Planner\src\OutfitPlanner.Application\OutfitPlanner.Application.csproj]
F:\Meno\Outfit-Planner\src\OutfitPlanner.Application\Features\Admin\Handlers\Queries\GetRealtimeAnalyticsQueryHandler.cs(57,55): error CS0118: 'User' is a namespace but is used like a type [F:\Meno\Outfit-Planner\src\OutfitPlanner.Application\OutfitPlanner.Application.csproj]
F:\Meno\Outfit-Planner\src\OutfitPlanner.Application\Features\Admin\Handlers\Queries\GetRealtimeAnalyticsQueryHandler.cs(59,56): error CS0118: 'User' is a namespace but is used like a type [F:\Meno\Outfit-Planner\src\OutfitPlanner.Application\OutfitPlanner.Application.csproj]
F:\Meno\Outfit-Planner\src\OutfitPlanner.Application\Features\Admin\Handlers\Queries\GetRealtimeAnalyticsQueryHandler.cs(60,14): error CS0411: The type arguments for method 'ImmutableArrayExtensions.Where<T>(ImmutableArray<T>, Func<T, bool>)' cannot be inferred from the usage. Try specifying the type arguments explicitly. [F:\Meno\Outfit-Planner\src\OutfitPlanner.Application\OutfitPlanner.Application.csproj]
F:\Meno\Outfit-Planner\src\OutfitPlanner.Application\Features\Admin\Handlers\Queries\GetRealtimeAnalyticsQueryHandler.cs(64,53): error CS0118: 'User' is a namespace but is used like a type [F:\Meno\Outfit-Planner\src\OutfitPlanner.Application\OutfitPlanner.Application.csproj]
F:\Meno\Outfit-Planner\src\OutfitPlanner.Application\Features\Admin\Handlers\Queries\GetRealtimeAnalyticsQueryHandler.cs(65,14): error CS0411: The type arguments for method 'ImmutableArrayExtensions.Where<T>(ImmutableArray<T>, Func<T, bool>)' cannot be inferred from the usage. Try specifying the type arguments explicitly. [F:\Meno\Outfit-Planner\src\OutfitPlanner.Application\OutfitPlanner.Application.csproj]
F:\Meno\Outfit-Planner\src\OutfitPlanner.Application\Features\Admin\Handlers\Queries\GetRealtimeAnalyticsQueryHandler.cs(68,61): error CS0118: 'User' is a namespace but is used like a type [F:\Meno\Outfit-Planner\src\OutfitPlanner.Application\OutfitPlanner.Application.csproj]
F:\Meno\Outfit-Planner\src\OutfitPlanner.Application\Features\Admin\Handlers\Queries\GetRealtimeAnalyticsQueryHandler.cs(69,14): error CS0411: The type arguments for method 'ImmutableArrayExtensions.Where<T>(ImmutableArray<T>, Func<T, bool>)' cannot be inferred from the usage. Try specifying the type arguments explicitly. [F:\Meno\Outfit-Planner\src\OutfitPlanner.Application\OutfitPlanner.Application.csproj]
F:\Meno\Outfit-Planner\src\OutfitPlanner.Application\Features\Admin\Handlers\Queries\GetRealtimeAnalyticsQueryHandler.cs(84,52): error CS0452: The type 'UserRole' must be a reference type in order to use it as parameter 'TEntity' in the generic type or method 'IUnitOfWork.Repository<TEntity>()' [F:\Meno\Outfit-Planner\src\OutfitPlanner.Application\OutfitPlanner.Application.csproj]
F:\Meno\Outfit-Planner\src\OutfitPlanner.Application\Features\Admin\Handlers\Queries\GetRealtimeAnalyticsQueryHandler.cs(84,95): error CS1061: 'UserRole' does not contain a definition for 'Role' and no accessible extension method 'Role' accepting a first argument of type 'UserRole' could be found (are you missing a using directive or an assembly reference?) [F:\Meno\Outfit-Planner\src\OutfitPlanner.Application\OutfitPlanner.Application.csproj]
F:\Meno\Outfit-Planner\src\OutfitPlanner.Application\Features\Admin\Handlers\Queries\GetRealtimeAnalyticsQueryHandler.cs(85,54): error CS0452: The type 'UserRole' must be a reference type in order to use it as parameter 'TEntity' in the generic type or method 'IUnitOfWork.Repository<TEntity>()' [F:\Meno\Outfit-Planner\src\OutfitPlanner.Application\OutfitPlanner.Application.csproj]
F:\Meno\Outfit-Planner\src\OutfitPlanner.Application\Features\Admin\Handlers\Queries\GetRealtimeAnalyticsQueryHandler.cs(85,97): error CS1061: 'UserRole' does not contain a definition for 'Role' and no accessible extension method 'Role' accepting a first argument of type 'UserRole' could be found (are you missing a using directive or an assembly reference?) [F:\Meno\Outfit-Planner\src\OutfitPlanner.Application\OutfitPlanner.Application.csproj]
F:\Meno\Outfit-Planner\src\OutfitPlanner.Application\Features\Admin\Handlers\Queries\GetRealtimeAnalyticsQueryHandler.cs(90,13): error CS8852: Init-only property or indexer 'UserDemographics.Percentage' can only be assigned in an object initializer, or on 'this' or 'base' in an instance constructor or an 'init' accessor. [F:\Meno\Outfit-Planner\src\OutfitPlanner.Application\OutfitPlanner.Application.csproj]
F:\Meno\Outfit-Planner\src\OutfitPlanner.Application\Features\Admin\Handlers\Queries\GetAllSettingsQueryHandler.cs(25,29): error CS1061: 'SystemSetting' does not contain a definition for 'Category' and no accessible extension method 'Category' accepting a first argument of type 'SystemSetting' could be found (are you missing a using directive or an assembly reference?) [F:\Meno\Outfit-Planner\src\OutfitPlanner.Application\OutfitPlanner.Application.csproj]
F:\Meno\Outfit-Planner\src\OutfitPlanner.Application\Features\Admin\Handlers\Commands\PollManagementCommandHandlers.cs(71,18): error CS1061: 'ValidationPoll' does not contain a definition for 'IsFeatured' and no accessible extension method 'IsFeatured' accepting a first argument of type 'ValidationPoll' could be found (are you missing a using directive or an assembly reference?) [F:\Meno\Outfit-Planner\src\OutfitPlanner.Application\OutfitPlanner.Application.csproj]
F:\Meno\Outfit-Planner\src\OutfitPlanner.Application\Features\Admin\Handlers\Commands\PollManagementCommandHandlers.cs(72,65): error CS0117: 'PollStatus' does not contain a definition for 'Featured' [F:\Meno\Outfit-Planner\src\OutfitPlanner.Application\OutfitPlanner.Application.csproj]
F:\Meno\Outfit-Planner\src\OutfitPlanner.Application\Features\Admin\Handlers\Commands\PollManagementCommandHandlers.cs(73,18): error CS1061: 'ValidationPoll' does not contain a definition for 'FeaturedAt' and no accessible extension method 'FeaturedAt' accepting a first argument of type 'ValidationPoll' could be found (are you missing a using directive or an assembly reference?) [F:\Meno\Outfit-Planner\src\OutfitPlanner.Application\OutfitPlanner.Application.csproj]
F:\Meno\Outfit-Planner\src\OutfitPlanner.Application\Features\Admin\Handlers\Commands\PollManagementCommandHandlers.cs(37,18): error CS1061: 'ValidationPoll' does not contain a definition for 'EndsAt' and no accessible extension method 'EndsAt' accepting a first argument of type 'ValidationPoll' could be found (are you missing a using directive or an assembly reference?) [F:\Meno\Outfit-Planner\src\OutfitPlanner.Application\OutfitPlanner.Application.csproj]
F:\Meno\Outfit-Planner\src\OutfitPlanner.Application\Features\Admin\Handlers\Commands\OutfitManagementCommandHandlers.cs(208,36): error CS0103: The name '_context' does not exist in the current context [F:\Meno\Outfit-Planner\src\OutfitPlanner.Application\OutfitPlanner.Application.csproj]
F:\Meno\Outfit-Planner\src\OutfitPlanner.Application\Features\Admin\Handlers\Commands\OutfitManagementCommandHandlers.cs(209,49): error CS1061: 'CancellationToken' does not contain a definition for 'Id' and no accessible extension method 'Id' accepting a first argument of type 'CancellationToken' could be found (are you missing a using directive or an assembly reference?) [F:\Meno\Outfit-Planner\src\OutfitPlanner.Application\OutfitPlanner.Application.csproj]
F:\Meno\Outfit-Planner\src\OutfitPlanner.Application\Features\Admin\Handlers\Queries\GetRealtimeAnalyticsQueryHandler.cs(144,14): error CS0411: The type arguments for method 'AsyncEnumerable.ToListAsync<TSource>(IAsyncEnumerable<TSource>, CancellationToken)' cannot be inferred from the usage. Try specifying the type arguments explicitly. [F:\Meno\Outfit-Planner\src\OutfitPlanner.Application\OutfitPlanner.Application.csproj]
F:\Meno\Outfit-Planner\src\OutfitPlanner.Application\Features\Admin\Handlers\Queries\GetRealtimeAnalyticsQueryHandler.cs(147,14): error CS0411: The type arguments for method 'ImmutableArrayExtensions.Where<T>(ImmutableArray<T>, Func<T, bool>)' cannot be inferred from the usage. Try specifying the type arguments explicitly. [F:\Meno\Outfit-Planner\src\OutfitPlanner.Application\OutfitPlanner.Application.csproj]
F:\Meno\Outfit-Planner\src\OutfitPlanner.Application\Features\Admin\Handlers\Commands\OutfitManagementCommandHandlers.cs(171,88): error CS1061: 'IQueryable<Outfit>' does not contain a definition for 'Include' and no accessible extension method 'Include' accepting a first argument of type 'IQueryable<Outfit>' could be found (are you missing a using directive or an assembly reference?) [F:\Meno\Outfit-Planner\src\OutfitPlanner.Application\OutfitPlanner.Application.csproj]
F:\Meno\Outfit-Planner\src\OutfitPlanner.Application\Features\Admin\Handlers\Commands\OutfitManagementCommandHandlers.cs(141,20): error CS1061: 'Outfit' does not contain a definition for 'IsApproved' and no accessible extension method 'IsApproved' accepting a first argument of type 'Outfit' could be found (are you missing a using directive or an assembly reference?) [F:\Meno\Outfit-Planner\src\OutfitPlanner.Application\OutfitPlanner.Application.csproj]
F:\Meno\Outfit-Planner\src\OutfitPlanner.Application\Features\Admin\Handlers\Commands\OutfitManagementCommandHandlers.cs(142,20): error CS1061: 'Outfit' does not contain a definition for 'ApprovedAt' and no accessible extension method 'ApprovedAt' accepting a first argument of type 'Outfit' could be found (are you missing a using directive or an assembly reference?) [F:\Meno\Outfit-Planner\src\OutfitPlanner.Application\OutfitPlanner.Application.csproj]
F:\Meno\Outfit-Planner\src\OutfitPlanner.Application\Features\Admin\Handlers\Commands\OutfitManagementCommandHandlers.cs(106,20): error CS1061: 'Outfit' does not contain a definition for 'IsApproved' and no accessible extension method 'IsApproved' accepting a first argument of type 'Outfit' could be found (are you missing a using directive or an assembly reference?) [F:\Meno\Outfit-Planner\src\OutfitPlanner.Application\OutfitPlanner.Application.csproj]
F:\Meno\Outfit-Planner\src\OutfitPlanner.Application\Features\Admin\Handlers\Commands\OutfitManagementCommandHandlers.cs(107,20): error CS1061: 'Outfit' does not contain a definition for 'ApprovedAt' and no accessible extension method 'ApprovedAt' accepting a first argument of type 'Outfit' could be found (are you missing a using directive or an assembly reference?) [F:\Meno\Outfit-Planner\src\OutfitPlanner.Application\OutfitPlanner.Application.csproj]
F:\Meno\Outfit-Planner\src\OutfitPlanner.Application\Features\Admin\Handlers\Commands\OutfitManagementCommandHandlers.cs(71,20): error CS1061: 'Outfit' does not contain a definition for 'IsFeatured' and no accessible extension method 'IsFeatured' accepting a first argument of type 'Outfit' could be found (are you missing a using directive or an assembly reference?) [F:\Meno\Outfit-Planner\src\OutfitPlanner.Application\OutfitPlanner.Application.csproj]
F:\Meno\Outfit-Planner\src\OutfitPlanner.Application\Features\Admin\Handlers\Commands\OutfitManagementCommandHandlers.cs(72,20): error CS1061: 'Outfit' does not contain a definition for 'FeaturedAt' and no accessible extension method 'FeaturedAt' accepting a first argument of type 'Outfit' could be found (are you missing a using directive or an assembly reference?) [F:\Meno\Outfit-Planner\src\OutfitPlanner.Application\OutfitPlanner.Application.csproj]
F:\Meno\Outfit-Planner\src\OutfitPlanner.Application\Features\Admin\Handlers\Commands\OutfitManagementCommandHandlers.cs(36,20): error CS1061: 'Outfit' does not contain a definition for 'IsFeatured' and no accessible extension method 'IsFeatured' accepting a first argument of type 'Outfit' could be found (are you missing a using directive or an assembly reference?) [F:\Meno\Outfit-Planner\src\OutfitPlanner.Application\OutfitPlanner.Application.csproj]
F:\Meno\Outfit-Planner\src\OutfitPlanner.Application\Features\Admin\Handlers\Commands\OutfitManagementCommandHandlers.cs(37,20): error CS1061: 'Outfit' does not contain a definition for 'FeaturedAt' and no accessible extension method 'FeaturedAt' accepting a first argument of type 'Outfit' could be found (are you missing a using directive or an assembly reference?) [F:\Meno\Outfit-Planner\src\OutfitPlanner.Application\OutfitPlanner.Application.csproj]
F:\Meno\Outfit-Planner\src\OutfitPlanner.Application\Features\Admin\Handlers\Queries\GetPostsQueryHandler.cs(73,30): error CS1061: 'DateTime' does not contain a definition for 'DateTime' and no accessible extension method 'DateTime' accepting a first argument of type 'DateTime' could be found (are you missing a using directive or an assembly reference?) [F:\Meno\Outfit-Planner\src\OutfitPlanner.Application\OutfitPlanner.Application.csproj]
F:\Meno\Outfit-Planner\src\OutfitPlanner.Application\Features\Admin\Handlers\Queries\GetPostsQueryHandler.cs(61,30): error CS1729: 'AdminPostDto' does not contain a constructor that takes 13 arguments [F:\Meno\Outfit-Planner\src\OutfitPlanner.Application\OutfitPlanner.Application.csproj]
F:\Meno\Outfit-Planner\src\OutfitPlanner.Application\Features\Admin\Handlers\Queries\GetAuditLogsQueryHandler.cs(28,35): error CS1503: Argument 1: cannot convert from 'System.Guid?' to 'string?' [F:\Meno\Outfit-Planner\src\OutfitPlanner.Application\OutfitPlanner.Application.csproj]
F:\Meno\Outfit-Planner\src\OutfitPlanner.Application\Features\Admin\Handlers\Queries\GetAuditLogsQueryHandler.cs(30,38): error CS0019: Operator '==' cannot be applied to operands of type 'string' and 'Guid?' [F:\Meno\Outfit-Planner\src\OutfitPlanner.Application\OutfitPlanner.Application.csproj]
F:\Meno\Outfit-Planner\src\OutfitPlanner.Application\Features\Feed\Handlers\Queries\GetUserFeedQueryHandler.cs(31,13): warning CS8625: Cannot convert null literal to non-nullable reference type. [F:\Meno\Outfit-Planner\src\OutfitPlanner.Application\OutfitPlanner.Application.csproj]
F:\Meno\Outfit-Planner\src\OutfitPlanner.Application\Features\Admin\Handlers\Queries\GetPollsQueryHandler.cs(64,19): error CS1061: 'ValidationPoll' does not contain a definition for 'CreatedById' and no accessible extension method 'CreatedById' accepting a first argument of type 'ValidationPoll' could be found (are you missing a using directive or an assembly reference?) [F:\Meno\Outfit-Planner\src\OutfitPlanner.Application\OutfitPlanner.Application.csproj]
F:\Meno\Outfit-Planner\src\OutfitPlanner.Application\Features\Admin\Handlers\Queries\GetPollsQueryHandler.cs(65,19): error CS1061: 'ValidationPoll' does not contain a definition for 'CreatedBy' and no accessible extension method 'CreatedBy' accepting a first argument of type 'ValidationPoll' could be found (are you missing a using directive or an assembly reference?) [F:\Meno\Outfit-Planner\src\OutfitPlanner.Application\OutfitPlanner.Application.csproj]
F:\Meno\Outfit-Planner\src\OutfitPlanner.Application\Features\Admin\Handlers\Queries\GetPollsQueryHandler.cs(71,19): error CS1061: 'ValidationPoll' does not contain a definition for 'EndsAt' and no accessible extension method 'EndsAt' accepting a first argument of type 'ValidationPoll' could be found (are you missing a using directive or an assembly reference?) [F:\Meno\Outfit-Planner\src\OutfitPlanner.Application\OutfitPlanner.Application.csproj]
F:\Meno\Outfit-Planner\src\OutfitPlanner.Application\Features\Admin\Handlers\Queries\GetPollsQueryHandler.cs(73,19): error CS1061: 'ValidationPoll' does not contain a definition for 'IsFeatured' and no accessible extension method 'IsFeatured' accepting a first argument of type 'ValidationPoll' could be found (are you missing a using directive or an assembly reference?) [F:\Meno\Outfit-Planner\src\OutfitPlanner.Application\OutfitPlanner.Application.csproj]
F:\Meno\Outfit-Planner\src\OutfitPlanner.Application\Features\Admin\Handlers\Queries\GetPollsQueryHandler.cs(74,19): error CS1061: 'ValidationPoll' does not contain a definition for 'FeaturedAt' and no accessible extension method 'FeaturedAt' accepting a first argument of type 'ValidationPoll' could be found (are you missing a using directive or an assembly reference?) [F:\Meno\Outfit-Planner\src\OutfitPlanner.Application\OutfitPlanner.Application.csproj]
F:\Meno\Outfit-Planner\src\OutfitPlanner.Application\Features\Admin\Handlers\Queries\GetPollsQueryHandler.cs(75,19): error CS1061: 'ValidationPoll' does not contain a definition for 'FeaturedById' and no accessible extension method 'FeaturedById' accepting a first argument of type 'ValidationPoll' could be found (are you missing a using directive or an assembly reference?) [F:\Meno\Outfit-Planner\src\OutfitPlanner.Application\OutfitPlanner.Application.csproj]
F:\Meno\Outfit-Planner\src\OutfitPlanner.Application\Features\Admin\Handlers\Queries\GetPollsQueryHandler.cs(62,30): error CS1729: 'AdminPollDto' does not contain a constructor that takes 13 arguments [F:\Meno\Outfit-Planner\src\OutfitPlanner.Application\OutfitPlanner.Application.csproj]
F:\Meno\Outfit-Planner\src\OutfitPlanner.Application\Features\Admin\Handlers\Commands\CreateAuditLogCommandHandler.cs(29,24): warning CS8601: Possible null reference assignment. [F:\Meno\Outfit-Planner\src\OutfitPlanner.Application\OutfitPlanner.Application.csproj]
F:\Meno\Outfit-Planner\src\OutfitPlanner.Application\Features\Admin\Handlers\Commands\CreateAuditLogCommandHandler.cs(31,26): warning CS8601: Possible null reference assignment. [F:\Meno\Outfit-Planner\src\OutfitPlanner.Application\OutfitPlanner.Application.csproj]
F:\Meno\Outfit-Planner\src\OutfitPlanner.Application\Features\Admin\Handlers\Commands\CreateAuditLogCommandHandler.cs(35,25): warning CS8601: Possible null reference assignment. [F:\Meno\Outfit-Planner\src\OutfitPlanner.Application\OutfitPlanner.Application.csproj]
F:\Meno\Outfit-Planner\src\OutfitPlanner.Application\Features\Admin\Handlers\Commands\BanUserCommandHandler.cs(31,101): error CS0019: Operator '==' cannot be applied to operands of type 'string' and 'Guid' [F:\Meno\Outfit-Planner\src\OutfitPlanner.Application\OutfitPlanner.Application.csproj]
F:\Meno\Outfit-Planner\src\OutfitPlanner.Application\Features\Admin\Handlers\Commands\BanUserCommandHandler.cs(48,13): error CS1503: Argument 1: cannot convert from 'System.Guid' to 'string' [F:\Meno\Outfit-Planner\src\OutfitPlanner.Application\OutfitPlanner.Application.csproj]
F:\Meno\Outfit-Planner\src\OutfitPlanner.Application\Features\Admin\Handlers\Commands\BanUserCommandHandler.cs(50,13): error CS1503: Argument 3: cannot convert from 'string' to 'System.Guid' [F:\Meno\Outfit-Planner\src\OutfitPlanner.Application\OutfitPlanner.Application.csproj]
F:\Meno\Outfit-Planner\src\OutfitPlanner.Application\Features\Admin\Handlers\Commands\BanUserCommandHandler.cs(52,13): error CS1503: Argument 5: cannot convert from 'System.Guid' to 'string?' [F:\Meno\Outfit-Planner\src\OutfitPlanner.Application\OutfitPlanner.Application.csproj]
F:\Meno\Outfit-Planner\src\OutfitPlanner.Application\Features\Admin\Handlers\Commands\ApprovePostCommandHandler.cs(78,27): error CS0266: Cannot implicitly convert type 'OutfitPlanner.Application.DTOs.Admin.PostStatus' to 'OutfitPlanner.Domain.Enums.PostStatus'. An explicit conversion exists (are you missing a cast?) [F:\Meno\Outfit-Planner\src\OutfitPlanner.Application\OutfitPlanner.Application.csproj]
F:\Meno\Outfit-Planner\src\OutfitPlanner.Application\Features\Admin\Handlers\Queries\GetDashboardAnalyticsQueryHandler.cs(32,51): error CS0411: The type arguments for method 'AsyncEnumerable.CountAsync<TSource>(IAsyncEnumerable<TSource>, Func<TSource, bool>, CancellationToken)' cannot be inferred from the usage. Try specifying the type arguments explicitly. [F:\Meno\Outfit-Planner\src\OutfitPlanner.Application\OutfitPlanner.Application.csproj]
F:\Meno\Outfit-Planner\src\OutfitPlanner.Application\Features\Admin\Handlers\Queries\GetDashboardAnalyticsQueryHandler.cs(34,14): error CS0411: The type arguments for method 'AsyncEnumerable.CountAsync<TSource>(IAsyncEnumerable<TSource>, Func<TSource, bool>, CancellationToken)' cannot be inferred from the usage. Try specifying the type arguments explicitly. [F:\Meno\Outfit-Planner\src\OutfitPlanner.Application\OutfitPlanner.Application.csproj]
F:\Meno\Outfit-Planner\src\OutfitPlanner.Application\Features\Admin\Handlers\Queries\GetDashboardAnalyticsQueryHandler.cs(36,14): error CS0411: The type arguments for method 'AsyncEnumerable.CountAsync<TSource>(IAsyncEnumerable<TSource>, Func<TSource, bool>, CancellationToken)' cannot be inferred from the usage. Try specifying the type arguments explicitly. [F:\Meno\Outfit-Planner\src\OutfitPlanner.Application\OutfitPlanner.Application.csproj]
F:\Meno\Outfit-Planner\src\OutfitPlanner.Application\Features\Admin\Handlers\Queries\GetDashboardAnalyticsQueryHandler.cs(49,14): error CS0411: The type arguments for method 'AsyncEnumerable.CountAsync<TSource>(IAsyncEnumerable<TSource>, Func<TSource, bool>, CancellationToken)' cannot be inferred from the usage. Try specifying the type arguments explicitly. [F:\Meno\Outfit-Planner\src\OutfitPlanner.Application\OutfitPlanner.Application.csproj]
F:\Meno\Outfit-Planner\src\OutfitPlanner.Application\Features\Admin\Handlers\Queries\GetDashboardAnalyticsQueryHandler.cs(51,14): error CS0411: The type arguments for method 'AsyncEnumerable.CountAsync<TSource>(IAsyncEnumerable<TSource>, Func<TSource, bool>, CancellationToken)' cannot be inferred from the usage. Try specifying the type arguments explicitly. [F:\Meno\Outfit-Planner\src\OutfitPlanner.Application\OutfitPlanner.Application.csproj]
F:\Meno\Outfit-Planner\src\OutfitPlanner.Application\Features\Admin\Handlers\Queries\GetDashboardAnalyticsQueryHandler.cs(71,14): error CS0411: The type arguments for method 'AsyncEnumerable.CountAsync<TSource>(IAsyncEnumerable<TSource>, Func<TSource, bool>, CancellationToken)' cannot be inferred from the usage. Try specifying the type arguments explicitly. [F:\Meno\Outfit-Planner\src\OutfitPlanner.Application\OutfitPlanner.Application.csproj]
F:\Meno\Outfit-Planner\src\OutfitPlanner.Application\Features\Admin\Handlers\Commands\ApprovePostCommandHandler.cs(42,27): error CS0266: Cannot implicitly convert type 'OutfitPlanner.Application.DTOs.Admin.PostStatus' to 'OutfitPlanner.Domain.Enums.PostStatus'. An explicit conversion exists (are you missing a cast?) [F:\Meno\Outfit-Planner\src\OutfitPlanner.Application\OutfitPlanner.Application.csproj]
F:\Meno\Outfit-Planner\src\OutfitPlanner.Application\Features\Admin\Handlers\Queries\GetDetailedAnalyticsQueryHandler.cs(48,14): error CS0411: The type arguments for method 'ImmutableArrayExtensions.Where<T>(ImmutableArray<T>, Func<T, bool>)' cannot be inferred from the usage. Try specifying the type arguments explicitly. [F:\Meno\Outfit-Planner\src\OutfitPlanner.Application\OutfitPlanner.Application.csproj]
F:\Meno\Outfit-Planner\src\OutfitPlanner.Application\Features\Admin\Handlers\Queries\GetDetailedAnalyticsQueryHandler.cs(67,13): error CS8852: Init-only property or indexer 'UserDemographics.Percentage' can only be assigned in an object initializer, or on 'this' or 'base' in an instance constructor or an 'init' accessor. [F:\Meno\Outfit-Planner\src\OutfitPlanner.Application\OutfitPlanner.Application.csproj]
F:\Meno\Outfit-Planner\src\OutfitPlanner.Application\Features\Admin\Handlers\Queries\GetLockedAccountsQueryHandler.cs(26,56): error CS0118: 'User' is a namespace but is used like a type [F:\Meno\Outfit-Planner\src\OutfitPlanner.Application\OutfitPlanner.Application.csproj]
F:\Meno\Outfit-Planner\src\OutfitPlanner.Application\Features\Admin\Handlers\Queries\GetLockedAccountsQueryHandler.cs(33,17): error CS1503: Argument 5: cannot convert from 'string' to 'System.TimeSpan' [F:\Meno\Outfit-Planner\src\OutfitPlanner.Application\OutfitPlanner.Application.csproj]
F:\Meno\Outfit-Planner\src\OutfitPlanner.Application\Profiles\MappingProfile.cs(105,104): warning CS8602: Dereference of a possibly null reference. [F:\Meno\Outfit-Planner\src\OutfitPlanner.Application\OutfitPlanner.Application.csproj]
F:\Meno\Outfit-Planner\src\OutfitPlanner.Application\Profiles\MappingProfile.cs(254,57): warning CS8602: Dereference of a possibly null reference. [F:\Meno\Outfit-Planner\src\OutfitPlanner.Application\OutfitPlanner.Application.csproj]
F:\Meno\Outfit-Planner\src\OutfitPlanner.Application\Profiles\MappingProfile.cs(255,62): warning CS8602: Dereference of a possibly null reference. [F:\Meno\Outfit-Planner\src\OutfitPlanner.Application\OutfitPlanner.Application.csproj]
F:\Meno\Outfit-Planner\src\OutfitPlanner.Application\Profiles\MappingProfile.cs(260,9): warning CS8602: Dereference of a possibly null reference. [F:\Meno\Outfit-Planner\src\OutfitPlanner.Application\OutfitPlanner.Application.csproj]
F:\Meno\Outfit-Planner\src\OutfitPlanner.Application\Features\Outfits\Handlers\Commands\CreateOutfitCommandHandler.cs(99,55): warning CS8602: Dereference of a possibly null reference. [F:\Meno\Outfit-Planner\src\OutfitPlanner.Application\OutfitPlanner.Application.csproj]
F:\Meno\Outfit-Planner\src\OutfitPlanner.Application\Features\Admin\Handlers\Queries\GetDetailedAnalyticsQueryHandler.cs(87,14): error CS0411: The type arguments for method 'AsyncEnumerable.OrderByDescending<TSource, TKey>(IAsyncEnumerable<TSource>, Func<TSource, CancellationToken, ValueTask<TKey>>, IComparer<TKey>?)' cannot be inferred from the usage. Try specifying the type arguments explicitly. [F:\Meno\Outfit-Planner\src\OutfitPlanner.Application\OutfitPlanner.Application.csproj]
F:\Meno\Outfit-Planner\src\OutfitPlanner.Application\Features\Admin\Handlers\Queries\GetDetailedAnalyticsQueryHandler.cs(101,14): error CS0411: The type arguments for method 'AsyncEnumerable.OrderByDescending<TSource, TKey>(IAsyncEnumerable<TSource>, Func<TSource, CancellationToken, ValueTask<TKey>>, IComparer<TKey>?)' cannot be inferred from the usage. Try specifying the type arguments explicitly. [F:\Meno\Outfit-Planner\src\OutfitPlanner.Application\OutfitPlanner.Application.csproj]
F:\Meno\Outfit-Planner\src\OutfitPlanner.Application\Features\Admin\Handlers\Queries\GetDetailedAnalyticsQueryHandler.cs(144,14): error CS0411: The type arguments for method 'ImmutableArrayExtensions.Where<T>(ImmutableArray<T>, Func<T, bool>)' cannot be inferred from the usage. Try specifying the type arguments explicitly. [F:\Meno\Outfit-Planner\src\OutfitPlanner.Application\OutfitPlanner.Application.csproj]
F:\Meno\Outfit-Planner\src\OutfitPlanner.Application\Features\Admin\Handlers\Queries\GetDetailedAnalyticsQueryHandler.cs(152,14): error CS0411: The type arguments for method 'ImmutableArrayExtensions.Where<T>(ImmutableArray<T>, Func<T, bool>)' cannot be inferred from the usage. Try specifying the type arguments explicitly. [F:\Meno\Outfit-Planner\src\OutfitPlanner.Application\OutfitPlanner.Application.csproj]
F:\Meno\Outfit-Planner\src\OutfitPlanner.Application\Features\Admin\Handlers\Queries\GetDetailedAnalyticsQueryHandler.cs(159,14): error CS0411: The type arguments for method 'ImmutableArrayExtensions.Where<T>(ImmutableArray<T>, Func<T, bool>)' cannot be inferred from the usage. Try specifying the type arguments explicitly. [F:\Meno\Outfit-Planner\src\OutfitPlanner.Application\OutfitPlanner.Application.csproj]
F:\Meno\Outfit-Planner\src\OutfitPlanner.Application\Features\Admin\Handlers\Queries\GetDetailedAnalyticsQueryHandler.cs(166,38): error CS1061: 'TimeSeriesData' does not contain a definition for 'Date' and no accessible extension method 'Date' accepting a first argument of type 'TimeSeriesData' could be found (are you missing a using directive or an assembly reference?) [F:\Meno\Outfit-Planner\src\OutfitPlanner.Application\OutfitPlanner.Application.csproj]
F:\Meno\Outfit-Planner\src\OutfitPlanner.Application\Features\Admin\Handlers\Queries\GetOutfitsQueryHandler.cs(29,18): error CS0411: The type arguments for method 'EntityFrameworkQueryableExtensions.Include<TEntity, TProperty>(IQueryable<TEntity>, Expression<Func<TEntity, TProperty>>)' cannot be inferred from the usage. Try specifying the type arguments explicitly. [F:\Meno\Outfit-Planner\src\OutfitPlanner.Application\OutfitPlanner.Application.csproj]
F:\Meno\Outfit-Planner\src\OutfitPlanner.Application\Features\Admin\Handlers\Queries\GetOutfitsQueryHandler.cs(38,19): error CS1061: 'Outfit' does not contain a definition for 'Description' and no accessible extension method 'Description' accepting a first argument of type 'Outfit' could be found (are you missing a using directive or an assembly reference?) [F:\Meno\Outfit-Planner\src\OutfitPlanner.Application\OutfitPlanner.Application.csproj]
F:\Meno\Outfit-Planner\src\OutfitPlanner.Application\Features\Admin\Handlers\Queries\GetOutfitsQueryHandler.cs(39,20): error CS1061: 'Outfit' does not contain a definition for 'Tags' and no accessible extension method 'Tags' accepting a first argument of type 'Outfit' could be found (are you missing a using directive or an assembly reference?) [F:\Meno\Outfit-Planner\src\OutfitPlanner.Application\OutfitPlanner.Application.csproj]
F:\Meno\Outfit-Planner\src\OutfitPlanner.Application\Features\Admin\Handlers\Queries\GetOutfitsQueryHandler.cs(39,38): error CS1061: 'Outfit' does not contain a definition for 'Tags' and no accessible extension method 'Tags' accepting a first argument of type 'Outfit' could be found (are you missing a using directive or an assembly reference?) [F:\Meno\Outfit-Planner\src\OutfitPlanner.Application\OutfitPlanner.Application.csproj]
F:\Meno\Outfit-Planner\src\OutfitPlanner.Application\Features\Admin\Handlers\Queries\GetOutfitsQueryHandler.cs(49,52): error CS1061: 'Outfit' does not contain a definition for 'IsFeatured' and no accessible extension method 'IsFeatured' accepting a first argument of type 'Outfit' could be found (are you missing a using directive or an assembly reference?) [F:\Meno\Outfit-Planner\src\OutfitPlanner.Application\OutfitPlanner.Application.csproj]
F:\Meno\Outfit-Planner\src\OutfitPlanner.Application\Features\Admin\Handlers\Queries\GetOutfitsQueryHandler.cs(52,53): error CS1061: 'Outfit' does not contain a definition for 'IsApproved' and no accessible extension method 'IsApproved' accepting a first argument of type 'Outfit' could be found (are you missing a using directive or an assembly reference?) [F:\Meno\Outfit-Planner\src\OutfitPlanner.Application\OutfitPlanner.Application.csproj]
F:\Meno\Outfit-Planner\src\OutfitPlanner.Application\Features\Admin\Handlers\Queries\GetOutfitsQueryHandler.cs(55,53): error CS1061: 'Outfit' does not contain a definition for 'IsApproved' and no accessible extension method 'IsApproved' accepting a first argument of type 'Outfit' could be found (are you missing a using directive or an assembly reference?) [F:\Meno\Outfit-Planner\src\OutfitPlanner.Application\OutfitPlanner.Application.csproj]
F:\Meno\Outfit-Planner\src\OutfitPlanner.Application\Features\Admin\Handlers\Queries\GetOutfitsQueryHandler.cs(55,69): error CS1061: 'Outfit' does not contain a definition for 'ApprovedAt' and no accessible extension method 'ApprovedAt' accepting a first argument of type 'Outfit' could be found (are you missing a using directive or an assembly reference?) [F:\Meno\Outfit-Planner\src\OutfitPlanner.Application\OutfitPlanner.Application.csproj]
F:\Meno\Outfit-Planner\src\OutfitPlanner.Application\Features\Admin\Handlers\Queries\GetOutfitsQueryHandler.cs(82,19): error CS1061: 'Outfit' does not contain a definition for 'CreatedById' and no accessible extension method 'CreatedById' accepting a first argument of type 'Outfit' could be found (are you missing a using directive or an assembly reference?) [F:\Meno\Outfit-Planner\src\OutfitPlanner.Application\OutfitPlanner.Application.csproj]
F:\Meno\Outfit-Planner\src\OutfitPlanner.Application\Features\Admin\Handlers\Queries\GetOutfitsQueryHandler.cs(83,19): error CS1061: 'Outfit' does not contain a definition for 'CreatedBy' and no accessible extension method 'CreatedBy' accepting a first argument of type 'Outfit' could be found (are you missing a using directive or an assembly reference?) [F:\Meno\Outfit-Planner\src\OutfitPlanner.Application\OutfitPlanner.Application.csproj]
F:\Meno\Outfit-Planner\src\OutfitPlanner.Application\Features\Admin\Handlers\Queries\GetOutfitsQueryHandler.cs(85,19): error CS1061: 'Outfit' does not contain a definition for 'Description' and no accessible extension method 'Description' accepting a first argument of type 'Outfit' could be found (are you missing a using directive or an assembly reference?) [F:\Meno\Outfit-Planner\src\OutfitPlanner.Application\OutfitPlanner.Application.csproj]
F:\Meno\Outfit-Planner\src\OutfitPlanner.Application\Features\Admin\Handlers\Queries\GetOutfitsQueryHandler.cs(86,19): error CS1061: 'Outfit' does not contain a definition for 'Tags' and no accessible extension method 'Tags' accepting a first argument of type 'Outfit' could be found (are you missing a using directive or an assembly reference?) [F:\Meno\Outfit-Planner\src\OutfitPlanner.Application\OutfitPlanner.Application.csproj]
F:\Meno\Outfit-Planner\src\OutfitPlanner.Application\Features\Admin\Handlers\Queries\GetOutfitsQueryHandler.cs(87,19): error CS1061: 'Outfit' does not contain a definition for 'OutfitImages' and no accessible extension method 'OutfitImages' accepting a first argument of type 'Outfit' could be found (are you missing a using directive or an assembly reference?) [F:\Meno\Outfit-Planner\src\OutfitPlanner.Application\OutfitPlanner.Application.csproj]
F:\Meno\Outfit-Planner\src\OutfitPlanner.Application\Features\Admin\Handlers\Queries\GetOutfitsQueryHandler.cs(91,19): error CS1061: 'Outfit' does not contain a definition for 'IsFeatured' and no accessible extension method 'IsFeatured' accepting a first argument of type 'Outfit' could be found (are you missing a using directive or an assembly reference?) [F:\Meno\Outfit-Planner\src\OutfitPlanner.Application\OutfitPlanner.Application.csproj]
F:\Meno\Outfit-Planner\src\OutfitPlanner.Application\Features\Admin\Handlers\Queries\GetOutfitsQueryHandler.cs(92,19): error CS1061: 'Outfit' does not contain a definition for 'IsApproved' and no accessible extension method 'IsApproved' accepting a first argument of type 'Outfit' could be found (are you missing a using directive or an assembly reference?) [F:\Meno\Outfit-Planner\src\OutfitPlanner.Application\OutfitPlanner.Application.csproj]
F:\Meno\Outfit-Planner\src\OutfitPlanner.Application\Features\Admin\Handlers\Queries\GetOutfitsQueryHandler.cs(93,19): error CS1061: 'Outfit' does not contain a definition for 'FeaturedAt' and no accessible extension method 'FeaturedAt' accepting a first argument of type 'Outfit' could be found (are you missing a using directive or an assembly reference?) [F:\Meno\Outfit-Planner\src\OutfitPlanner.Application\OutfitPlanner.Application.csproj]
F:\Meno\Outfit-Planner\src\OutfitPlanner.Application\Features\Admin\Handlers\Queries\GetOutfitsQueryHandler.cs(93,43): error CS1061: 'Outfit' does not contain a definition for 'FeaturedAt' and no accessible extension method 'FeaturedAt' accepting a first argument of type 'Outfit' could be found (are you missing a using directive or an assembly reference?) [F:\Meno\Outfit-Planner\src\OutfitPlanner.Application\OutfitPlanner.Application.csproj]
F:\Meno\Outfit-Planner\src\OutfitPlanner.Application\Features\Admin\Handlers\Queries\GetOutfitsQueryHandler.cs(94,19): error CS1061: 'Outfit' does not contain a definition for 'FeaturedById' and no accessible extension method 'FeaturedById' accepting a first argument of type 'Outfit' could be found (are you missing a using directive or an assembly reference?) [F:\Meno\Outfit-Planner\src\OutfitPlanner.Application\OutfitPlanner.Application.csproj]
F:\Meno\Outfit-Planner\src\OutfitPlanner.Application\Features\Admin\Handlers\Queries\GetOutfitsQueryHandler.cs(95,19): error CS1061: 'Outfit' does not contain a definition for 'ApprovedAt' and no accessible extension method 'ApprovedAt' accepting a first argument of type 'Outfit' could be found (are you missing a using directive or an assembly reference?) [F:\Meno\Outfit-Planner\src\OutfitPlanner.Application\OutfitPlanner.Application.csproj]
F:\Meno\Outfit-Planner\src\OutfitPlanner.Application\Features\Admin\Handlers\Queries\GetOutfitsQueryHandler.cs(95,43): error CS1061: 'Outfit' does not contain a definition for 'ApprovedAt' and no accessible extension method 'ApprovedAt' accepting a first argument of type 'Outfit' could be found (are you missing a using directive or an assembly reference?) [F:\Meno\Outfit-Planner\src\OutfitPlanner.Application\OutfitPlanner.Application.csproj]
F:\Meno\Outfit-Planner\src\OutfitPlanner.Application\Features\Admin\Handlers\Queries\GetOutfitsQueryHandler.cs(96,19): error CS1061: 'Outfit' does not contain a definition for 'ApprovedById' and no accessible extension method 'ApprovedById' accepting a first argument of type 'Outfit' could be found (are you missing a using directive or an assembly reference?) [F:\Meno\Outfit-Planner\src\OutfitPlanner.Application\OutfitPlanner.Application.csproj]
F:\Meno\Outfit-Planner\src\OutfitPlanner.Application\Features\Admin\Handlers\Queries\GetOutfitsQueryHandler.cs(80,30): error CS1729: 'AdminOutfitDto' does not contain a constructor that takes 16 arguments [F:\Meno\Outfit-Planner\src\OutfitPlanner.Application\OutfitPlanner.Application.csproj]
F:\Meno\Outfit-Planner\src\OutfitPlanner.Application\Features\Admin\Handlers\Queries\GetDetailedAnalyticsQueryHandler.cs(174,14): error CS0411: The type arguments for method 'ImmutableArrayExtensions.Where<T>(ImmutableArray<T>, Func<T, bool>)' cannot be inferred from the usage. Try specifying the type arguments explicitly. [F:\Meno\Outfit-Planner\src\OutfitPlanner.Application\OutfitPlanner.Application.csproj]
F:\Meno\Outfit-Planner\src\OutfitPlanner.Application\Features\Admin\Handlers\Queries\GetDetailedAnalyticsQueryHandler.cs(178,14): error CS0411: The type arguments for method 'ImmutableArrayExtensions.Where<T>(ImmutableArray<T>, Func<T, bool>)' cannot be inferred from the usage. Try specifying the type arguments explicitly. [F:\Meno\Outfit-Planner\src\OutfitPlanner.Application\OutfitPlanner.Application.csproj]
F:\Meno\Outfit-Planner\src\OutfitPlanner.Application\Features\Admin\Handlers\Queries\GetDetailedAnalyticsQueryHandler.cs(186,14): error CS0411: The type arguments for method 'ImmutableArrayExtensions.Where<T>(ImmutableArray<T>, Func<T, bool>)' cannot be inferred from the usage. Try specifying the type arguments explicitly. [F:\Meno\Outfit-Planner\src\OutfitPlanner.Application\OutfitPlanner.Application.csproj]
F:\Meno\Outfit-Planner\src\OutfitPlanner.Application\Features\Admin\Handlers\Queries\GetDetailedAnalyticsQueryHandler.cs(190,14): error CS0411: The type arguments for method 'ImmutableArrayExtensions.Where<T>(ImmutableArray<T>, Func<T, bool>)' cannot be inferred from the usage. Try specifying the type arguments explicitly. [F:\Meno\Outfit-Planner\src\OutfitPlanner.Application\OutfitPlanner.Application.csproj]

Build FAILED.

F:\Meno\Outfit-Planner\tests\OutfitPlanner.Application.UnitTests\OutfitPlanner.Application.UnitTests.csproj : warning NU1903: Package 'AutoMapper' 12.0.1 has a known high severity vulnerability, https://github.com/advisories/GHSA-rvv3-g6hj-g44x [F:\Meno\Outfit-Planner\OutfitPlanner.sln]
F:\Meno\Outfit-Planner\tests\OutfitPlanner.Application.IntegrationTests\OutfitPlanner.Application.IntegrationTests.csproj : warning NU1903: Package 'AutoMapper' 12.0.1 has a known high severity vulnerability, https://github.com/advisories/GHSA-rvv3-g6hj-g44x [F:\Meno\Outfit-Planner\OutfitPlanner.sln]
F:\Meno\Outfit-Planner\src\OutfitPlanner.Api\OutfitPlanner.Api.csproj : warning NU1903: Package 'AutoMapper' 12.0.1 has a known high severity vulnerability, https://github.com/advisories/GHSA-rvv3-g6hj-g44x [F:\Meno\Outfit-Planner\OutfitPlanner.sln]
F:\Meno\Outfit-Planner\src\OutfitPlanner.Application\OutfitPlanner.Application.csproj : warning NU1903: Package 'AutoMapper' 12.0.1 has a known high severity vulnerability, https://github.com/advisories/GHSA-rvv3-g6hj-g44x [F:\Meno\Outfit-Planner\OutfitPlanner.sln]
F:\Meno\Outfit-Planner\src\OutfitPlanner.Infrastructure\OutfitPlanner.Infrastructure.csproj : warning NU1903: Package 'AutoMapper' 12.0.1 has a known high severity vulnerability, https://github.com/advisories/GHSA-rvv3-g6hj-g44x [F:\Meno\Outfit-Planner\OutfitPlanner.sln]
F:\Meno\Outfit-Planner\src\OutfitPlanner.Application\OutfitPlanner.Application.csproj : warning NU1903: Package 'SixLabors.ImageSharp' 3.1.6 has a known high severity vulnerability, https://github.com/advisories/GHSA-2cmq-823j-5qj8 [F:\Meno\Outfit-Planner\OutfitPlanner.sln]
F:\Meno\Outfit-Planner\src\OutfitPlanner.Application\OutfitPlanner.Application.csproj : warning NU1902: Package 'SixLabors.ImageSharp' 3.1.6 has a known moderate severity vulnerability, https://github.com/advisories/GHSA-rxmq-m78w-7wmc [F:\Meno\Outfit-Planner\OutfitPlanner.sln]
F:\Meno\Outfit-Planner\src\OutfitPlanner.Persistence\OutfitPlanner.Persistence.csproj : warning NU1903: Package 'AutoMapper' 12.0.1 has a known high severity vulnerability, https://github.com/advisories/GHSA-rvv3-g6hj-g44x [F:\Meno\Outfit-Planner\OutfitPlanner.sln]
F:\Meno\Outfit-Planner\src\OutfitPlanner.Persistence\OutfitPlanner.Persistence.csproj : warning NU1903: Package 'SixLabors.ImageSharp' 3.1.6 has a known high severity vulnerability, https://github.com/advisories/GHSA-2cmq-823j-5qj8 [F:\Meno\Outfit-Planner\OutfitPlanner.sln]
F:\Meno\Outfit-Planner\src\OutfitPlanner.Persistence\OutfitPlanner.Persistence.csproj : warning NU1902: Package 'SixLabors.ImageSharp' 3.1.6 has a known moderate severity vulnerability, https://github.com/advisories/GHSA-rxmq-m78w-7wmc [F:\Meno\Outfit-Planner\OutfitPlanner.sln]
F:\Meno\Outfit-Planner\src\OutfitPlanner.Persistence\OutfitPlanner.Persistence.csproj : warning NU1903: Package 'AutoMapper' 12.0.1 has a known high severity vulnerability, https://github.com/advisories/GHSA-rvv3-g6hj-g44x
F:\Meno\Outfit-Planner\src\OutfitPlanner.Persistence\OutfitPlanner.Persistence.csproj : warning NU1903: Package 'SixLabors.ImageSharp' 3.1.6 has a known high severity vulnerability, https://github.com/advisories/GHSA-2cmq-823j-5qj8
F:\Meno\Outfit-Planner\src\OutfitPlanner.Persistence\OutfitPlanner.Persistence.csproj : warning NU1902: Package 'SixLabors.ImageSharp' 3.1.6 has a known moderate severity vulnerability, https://github.com/advisories/GHSA-rxmq-m78w-7wmc
F:\Meno\Outfit-Planner\tests\OutfitPlanner.Application.UnitTests\OutfitPlanner.Application.UnitTests.csproj : warning NU1903: Package 'AutoMapper' 12.0.1 has a known high severity vulnerability, https://github.com/advisories/GHSA-rvv3-g6hj-g44x
F:\Meno\Outfit-Planner\src\OutfitPlanner.Infrastructure\OutfitPlanner.Infrastructure.csproj : warning NU1903: Package 'AutoMapper' 12.0.1 has a known high severity vulnerability, https://github.com/advisories/GHSA-rvv3-g6hj-g44x
F:\Meno\Outfit-Planner\src\OutfitPlanner.Application\OutfitPlanner.Application.csproj : warning NU1903: Package 'AutoMapper' 12.0.1 has a known high severity vulnerability, https://github.com/advisories/GHSA-rvv3-g6hj-g44x
F:\Meno\Outfit-Planner\src\OutfitPlanner.Application\OutfitPlanner.Application.csproj : warning NU1903: Package 'SixLabors.ImageSharp' 3.1.6 has a known high severity vulnerability, https://github.com/advisories/GHSA-2cmq-823j-5qj8
F:\Meno\Outfit-Planner\src\OutfitPlanner.Application\OutfitPlanner.Application.csproj : warning NU1902: Package 'SixLabors.ImageSharp' 3.1.6 has a known moderate severity vulnerability, https://github.com/advisories/GHSA-rxmq-m78w-7wmc
F:\Meno\Outfit-Planner\tests\OutfitPlanner.Application.IntegrationTests\OutfitPlanner.Application.IntegrationTests.csproj : warning NU1903: Package 'AutoMapper' 12.0.1 has a known high severity vulnerability, https://github.com/advisories/GHSA-rvv3-g6hj-g44x
F:\Meno\Outfit-Planner\src\OutfitPlanner.Api\OutfitPlanner.Api.csproj : warning NU1903: Package 'AutoMapper' 12.0.1 has a known high severity vulnerability, https://github.com/advisories/GHSA-rvv3-g6hj-g44x
F:\Meno\Outfit-Planner\src\OutfitPlanner.Application\Features\Admin\Handlers\Commands\ExportAnalyticsCommandHandler.cs(6,7): warning CS0105: The using directive for 'OutfitPlanner.Application.Common.Interfaces.Persistence' appeared previously in this namespace [F:\Meno\Outfit-Planner\src\OutfitPlanner.Application\OutfitPlanner.Application.csproj]
F:\Meno\Outfit-Planner\src\OutfitPlanner.Application\Features\Admin\Handlers\Queries\GetRealtimeAnalyticsQueryHandler.cs(14,7): warning CS0105: The using directive for 'OutfitPlanner.Domain.Entities' appeared previously in this namespace [F:\Meno\Outfit-Planner\src\OutfitPlanner.Application\OutfitPlanner.Application.csproj]
F:\Meno\Outfit-Planner\src\OutfitPlanner.Application\Features\Outfits\Handlers\Commands\DeleteOutfitCommandHandler.cs(7,7): warning CS0105: The using directive for 'OutfitPlanner.Application.Common.Interfaces.Persistence' appeared previously in this namespace [F:\Meno\Outfit-Planner\src\OutfitPlanner.Application\OutfitPlanner.Application.csproj]
F:\Meno\Outfit-Planner\src\OutfitPlanner.Application\Features\Outfits\Handlers\Queries\GetOutfitByIdRequestHandler.cs(7,7): warning CS0105: The using directive for 'OutfitPlanner.Application.Common.Interfaces.Persistence' appeared previously in this namespace [F:\Meno\Outfit-Planner\src\OutfitPlanner.Application\OutfitPlanner.Application.csproj]
F:\Meno\Outfit-Planner\src\OutfitPlanner.Application\Features\ClothingItems\Requests\Queries\GetClothingItemsByCategoryRequest.cs(8,19): warning CS8618: Non-nullable property 'UserId' must contain a non-null value when exiting constructor. Consider adding the 'required' modifier or declaring the property as nullable. [F:\Meno\Outfit-Planner\src\OutfitPlanner.Application\OutfitPlanner.Application.csproj]
F:\Meno\Outfit-Planner\src\OutfitPlanner.Application\Features\ClothingItems\Requests\Queries\GetClothingItemsByCategoryRequest.cs(9,19): warning CS8618: Non-nullable property 'Category' must contain a non-null value when exiting constructor. Consider adding the 'required' modifier or declaring the property as nullable. [F:\Meno\Outfit-Planner\src\OutfitPlanner.Application\OutfitPlanner.Application.csproj]
F:\Meno\Outfit-Planner\src\OutfitPlanner.Application\Features\ClothingItems\Requests\Queries\GetClothingItemListRequest.cs(9,23): warning CS8618: Non-nullable property 'UserId' must contain a non-null value when exiting constructor. Consider adding the 'required' modifier or declaring the property as nullable. [F:\Meno\Outfit-Planner\src\OutfitPlanner.Application\OutfitPlanner.Application.csproj]
F:\Meno\Outfit-Planner\src\OutfitPlanner.Application\Features\ClothingItems\Requests\Commands\Validators\UpdateClothingItemCommandValidator.cs(15,27): warning CS8620: Argument of type 'UpdateClothingItemRequestValidator' cannot be used for parameter 'validator' of type 'IValidator<UpdateClothingItemDto?>' in 'IRuleBuilderOptions<UpdateClothingItemCommand, UpdateClothingItemDto?> IRuleBuilder<UpdateClothingItemCommand, UpdateClothingItemDto?>.SetValidator(IValidator<UpdateClothingItemDto?> validator, params string[] ruleSets)' due to differences in the nullability of reference types. [F:\Meno\Outfit-Planner\src\OutfitPlanner.Application\OutfitPlanner.Application.csproj]
F:\Meno\Outfit-Planner\src\OutfitPlanner.Application\Features\ClothingItems\Requests\Commands\CreateClothingItemCommand.cs(10,34): warning CS8618: Non-nullable property 'Request' must contain a non-null value when exiting constructor. Consider adding the 'required' modifier or declaring the property as nullable. [F:\Meno\Outfit-Planner\src\OutfitPlanner.Application\OutfitPlanner.Application.csproj]
F:\Meno\Outfit-Planner\src\OutfitPlanner.Application\Features\Feed\Handlers\Queries\GetUserFeedQueryHandler.cs(31,13): warning CS8625: Cannot convert null literal to non-nullable reference type. [F:\Meno\Outfit-Planner\src\OutfitPlanner.Application\OutfitPlanner.Application.csproj]
F:\Meno\Outfit-Planner\src\OutfitPlanner.Application\Features\Admin\Handlers\Commands\CreateAuditLogCommandHandler.cs(29,24): warning CS8601: Possible null reference assignment. [F:\Meno\Outfit-Planner\src\OutfitPlanner.Application\OutfitPlanner.Application.csproj]
F:\Meno\Outfit-Planner\src\OutfitPlanner.Application\Features\Admin\Handlers\Commands\CreateAuditLogCommandHandler.cs(31,26): warning CS8601: Possible null reference assignment. [F:\Meno\Outfit-Planner\src\OutfitPlanner.Application\OutfitPlanner.Application.csproj]
F:\Meno\Outfit-Planner\src\OutfitPlanner.Application\Features\Admin\Handlers\Commands\CreateAuditLogCommandHandler.cs(35,25): warning CS8601: Possible null reference assignment. [F:\Meno\Outfit-Planner\src\OutfitPlanner.Application\OutfitPlanner.Application.csproj]
F:\Meno\Outfit-Planner\src\OutfitPlanner.Application\Profiles\MappingProfile.cs(105,104): warning CS8602: Dereference of a possibly null reference. [F:\Meno\Outfit-Planner\src\OutfitPlanner.Application\OutfitPlanner.Application.csproj]
F:\Meno\Outfit-Planner\src\OutfitPlanner.Application\Profiles\MappingProfile.cs(254,57): warning CS8602: Dereference of a possibly null reference. [F:\Meno\Outfit-Planner\src\OutfitPlanner.Application\OutfitPlanner.Application.csproj]
F:\Meno\Outfit-Planner\src\OutfitPlanner.Application\Profiles\MappingProfile.cs(255,62): warning CS8602: Dereference of a possibly null reference. [F:\Meno\Outfit-Planner\src\OutfitPlanner.Application\OutfitPlanner.Application.csproj]
F:\Meno\Outfit-Planner\src\OutfitPlanner.Application\Profiles\MappingProfile.cs(260,9): warning CS8602: Dereference of a possibly null reference. [F:\Meno\Outfit-Planner\src\OutfitPlanner.Application\OutfitPlanner.Application.csproj]
F:\Meno\Outfit-Planner\src\OutfitPlanner.Application\Features\Outfits\Handlers\Commands\CreateOutfitCommandHandler.cs(99,55): warning CS8602: Dereference of a possibly null reference. [F:\Meno\Outfit-Planner\src\OutfitPlanner.Application\OutfitPlanner.Application.csproj]
F:\Meno\Outfit-Planner\src\OutfitPlanner.Application\Features\Admin\Handlers\Queries\GetUserStatisticsQueryHandler.cs(33,25): error CS1061: 'Outfit' does not contain a definition for 'CreatedById' and no accessible extension method 'CreatedById' accepting a first argument of type 'Outfit' could be found (are you missing a using directive or an assembly reference?) [F:\Meno\Outfit-Planner\src\OutfitPlanner.Application\OutfitPlanner.Application.csproj]
F:\Meno\Outfit-Planner\src\OutfitPlanner.Application\Features\Admin\Handlers\Queries\GetUserStatisticsQueryHandler.cs(38,23): error CS0019: Operator '==' cannot be applied to operands of type 'string' and 'Guid' [F:\Meno\Outfit-Planner\src\OutfitPlanner.Application\OutfitPlanner.Application.csproj]
F:\Meno\Outfit-Planner\src\OutfitPlanner.Application\Features\Admin\Handlers\Queries\GetUserStatisticsQueryHandler.cs(43,25): error CS1061: 'PostComment' does not contain a definition for 'CreatedById' and no accessible extension method 'CreatedById' accepting a first argument of type 'PostComment' could be found (are you missing a using directive or an assembly reference?) [F:\Meno\Outfit-Planner\src\OutfitPlanner.Application\OutfitPlanner.Application.csproj]
F:\Meno\Outfit-Planner\src\OutfitPlanner.Application\Features\Admin\Handlers\Queries\GetUserStatisticsQueryHandler.cs(48,25): error CS1061: 'PostReaction' does not contain a definition for 'CreatedById' and no accessible extension method 'CreatedById' accepting a first argument of type 'PostReaction' could be found (are you missing a using directive or an assembly reference?) [F:\Meno\Outfit-Planner\src\OutfitPlanner.Application\OutfitPlanner.Application.csproj]
F:\Meno\Outfit-Planner\src\OutfitPlanner.Application\Features\Admin\Handlers\Commands\SystemManagementCommandHandlers.cs(207,32): error CS0246: The type or namespace name 'AuditLog' could not be found (are you missing a using directive or an assembly reference?) [F:\Meno\Outfit-Planner\src\OutfitPlanner.Application\OutfitPlanner.Application.csproj]
F:\Meno\Outfit-Planner\src\OutfitPlanner.Application\Features\Admin\Handlers\Commands\SystemManagementCommandHandlers.cs(222,42): error CS0246: The type or namespace name 'AuditLog' could not be found (are you missing a using directive or an assembly reference?) [F:\Meno\Outfit-Planner\src\OutfitPlanner.Application\OutfitPlanner.Application.csproj]
F:\Meno\Outfit-Planner\src\OutfitPlanner.Application\Features\Admin\Handlers\Commands\SystemManagementCommandHandlers.cs(156,34): error CS0246: The type or namespace name 'AuditLog' could not be found (are you missing a using directive or an assembly reference?) [F:\Meno\Outfit-Planner\src\OutfitPlanner.Application\OutfitPlanner.Application.csproj]
F:\Meno\Outfit-Planner\src\OutfitPlanner.Application\Features\Admin\Handlers\Commands\SystemManagementCommandHandlers.cs(171,42): error CS0246: The type or namespace name 'AuditLog' could not be found (are you missing a using directive or an assembly reference?) [F:\Meno\Outfit-Planner\src\OutfitPlanner.Application\OutfitPlanner.Application.csproj]
F:\Meno\Outfit-Planner\src\OutfitPlanner.Application\Features\Admin\Handlers\Commands\SystemManagementCommandHandlers.cs(87,33): error CS0246: The type or namespace name 'AuditLog' could not be found (are you missing a using directive or an assembly reference?) [F:\Meno\Outfit-Planner\src\OutfitPlanner.Application\OutfitPlanner.Application.csproj]
F:\Meno\Outfit-Planner\src\OutfitPlanner.Application\Features\Admin\Handlers\Commands\SystemManagementCommandHandlers.cs(102,42): error CS0246: The type or namespace name 'AuditLog' could not be found (are you missing a using directive or an assembly reference?) [F:\Meno\Outfit-Planner\src\OutfitPlanner.Application\OutfitPlanner.Application.csproj]
F:\Meno\Outfit-Planner\src\OutfitPlanner.Application\Features\Admin\Handlers\Queries\GetUsersQueryHandler.cs(31,44): error CS0118: 'User' is a namespace but is used like a type [F:\Meno\Outfit-Planner\src\OutfitPlanner.Application\OutfitPlanner.Application.csproj]
F:\Meno\Outfit-Planner\src\OutfitPlanner.Application\Features\Admin\Handlers\Commands\SystemManagementCommandHandlers.cs(31,38): error CS0246: The type or namespace name 'AuditLog' could not be found (are you missing a using directive or an assembly reference?) [F:\Meno\Outfit-Planner\src\OutfitPlanner.Application\OutfitPlanner.Application.csproj]
F:\Meno\Outfit-Planner\src\OutfitPlanner.Application\Features\Admin\Handlers\Commands\SystemManagementCommandHandlers.cs(46,42): error CS0246: The type or namespace name 'AuditLog' could not be found (are you missing a using directive or an assembly reference?) [F:\Meno\Outfit-Planner\src\OutfitPlanner.Application\OutfitPlanner.Application.csproj]
F:\Meno\Outfit-Planner\src\OutfitPlanner.Application\Features\Admin\Handlers\Commands\ResolveReportCommandHandler.cs(39,15): error CS0103: The name '_context' does not exist in the current context [F:\Meno\Outfit-Planner\src\OutfitPlanner.Application\OutfitPlanner.Application.csproj]
F:\Meno\Outfit-Planner\src\OutfitPlanner.Application\Features\Admin\Handlers\Commands\ResolveReportCommandHandler.cs(51,13): error CS1503: Argument 3: cannot convert from 'string' to 'System.Guid' [F:\Meno\Outfit-Planner\src\OutfitPlanner.Application\OutfitPlanner.Application.csproj]
F:\Meno\Outfit-Planner\src\OutfitPlanner.Application\Features\Admin\Handlers\Commands\ResolveReportCommandHandler.cs(54,13): error CS1503: Argument 6: cannot convert from 'string' to 'System.Guid?' [F:\Meno\Outfit-Planner\src\OutfitPlanner.Application\OutfitPlanner.Application.csproj]
F:\Meno\Outfit-Planner\src\OutfitPlanner.Application\Features\Admin\Handlers\Commands\ResolveReportCommandHandler.cs(69,57): error CS1503: Argument 1: cannot convert from 'string' to 'System.Guid' [F:\Meno\Outfit-Planner\src\OutfitPlanner.Application\OutfitPlanner.Application.csproj]
F:\Meno\Outfit-Planner\src\OutfitPlanner.Application\Features\Admin\Handlers\Commands\ResolveReportCommandHandler.cs(69,118): error CS1503: Argument 3: cannot convert from 'System.DateTimeOffset' to 'System.DateTime?' [F:\Meno\Outfit-Planner\src\OutfitPlanner.Application\OutfitPlanner.Application.csproj]
F:\Meno\Outfit-Planner\src\OutfitPlanner.Application\Features\Admin\Handlers\Commands\ResolveReportCommandHandler.cs(80,57): error CS1503: Argument 1: cannot convert from 'string' to 'System.Guid' [F:\Meno\Outfit-Planner\src\OutfitPlanner.Application\OutfitPlanner.Application.csproj]
F:\Meno\Outfit-Planner\src\OutfitPlanner.Application\Features\Admin\Handlers\Queries\GetUserDetailQueryHandler.cs(34,29): error CS1061: 'User' does not contain a definition for 'Claims' and no accessible extension method 'Claims' accepting a first argument of type 'User' could be found (are you missing a using directive or an assembly reference?) [F:\Meno\Outfit-Planner\src\OutfitPlanner.Application\OutfitPlanner.Application.csproj]
F:\Meno\Outfit-Planner\src\OutfitPlanner.Application\Features\Admin\Handlers\Queries\GetUserDetailQueryHandler.cs(46,14): error CS0411: The type arguments for method 'ImmutableArrayExtensions.Where<T>(ImmutableArray<T>, Func<T, bool>)' cannot be inferred from the usage. Try specifying the type arguments explicitly. [F:\Meno\Outfit-Planner\src\OutfitPlanner.Application\OutfitPlanner.Application.csproj]
F:\Meno\Outfit-Planner\src\OutfitPlanner.Application\Features\Admin\Handlers\Queries\GetUserDetailQueryHandler.cs(53,13): error CS1503: Argument 1: cannot convert from 'string' to 'System.Guid' [F:\Meno\Outfit-Planner\src\OutfitPlanner.Application\OutfitPlanner.Application.csproj]
F:\Meno\Outfit-Planner\src\OutfitPlanner.Application\Features\Admin\Handlers\Commands\ResolveReportCommandHandler.cs(90,34): error CS0103: The name '_context' does not exist in the current context [F:\Meno\Outfit-Planner\src\OutfitPlanner.Application\OutfitPlanner.Application.csproj]
F:\Meno\Outfit-Planner\src\OutfitPlanner.Application\Features\Admin\Handlers\Commands\ResolveReportCommandHandler.cs(92,21): error CS0103: The name '_context' does not exist in the current context [F:\Meno\Outfit-Planner\src\OutfitPlanner.Application\OutfitPlanner.Application.csproj]
F:\Meno\Outfit-Planner\src\OutfitPlanner.Application\Features\Admin\Handlers\Commands\ResolveReportCommandHandler.cs(96,34): error CS0103: The name '_context' does not exist in the current context [F:\Meno\Outfit-Planner\src\OutfitPlanner.Application\OutfitPlanner.Application.csproj]
F:\Meno\Outfit-Planner\src\OutfitPlanner.Application\Features\Admin\Handlers\Commands\ResolveReportCommandHandler.cs(98,21): error CS0103: The name '_context' does not exist in the current context [F:\Meno\Outfit-Planner\src\OutfitPlanner.Application\OutfitPlanner.Application.csproj]
F:\Meno\Outfit-Planner\src\OutfitPlanner.Application\Features\Admin\Handlers\Commands\ResolveReportCommandHandler.cs(102,37): error CS0103: The name '_context' does not exist in the current context [F:\Meno\Outfit-Planner\src\OutfitPlanner.Application\OutfitPlanner.Application.csproj]
F:\Meno\Outfit-Planner\src\OutfitPlanner.Application\Features\Admin\Handlers\Commands\ResolveReportCommandHandler.cs(104,21): error CS0103: The name '_context' does not exist in the current context [F:\Meno\Outfit-Planner\src\OutfitPlanner.Application\OutfitPlanner.Application.csproj]
F:\Meno\Outfit-Planner\src\OutfitPlanner.Application\Features\Admin\Handlers\Commands\ResolveReportCommandHandler.cs(108,15): error CS0103: The name '_context' does not exist in the current context [F:\Meno\Outfit-Planner\src\OutfitPlanner.Application\OutfitPlanner.Application.csproj]
F:\Meno\Outfit-Planner\src\OutfitPlanner.Application\Features\Admin\Handlers\Commands\PollManagementCommandHandlers.cs(187,39): error CS0266: Cannot implicitly convert type 'OutfitPlanner.Application.DTOs.Admin.PollStatus' to 'OutfitPlanner.Domain.Enums.PollStatus'. An explicit conversion exists (are you missing a cast?) [F:\Meno\Outfit-Planner\src\OutfitPlanner.Application\OutfitPlanner.Application.csproj]
F:\Meno\Outfit-Planner\src\OutfitPlanner.Application\Features\Admin\Handlers\Commands\PollManagementCommandHandlers.cs(188,30): error CS1061: 'ValidationPoll' does not contain a definition for 'EndsAt' and no accessible extension method 'EndsAt' accepting a first argument of type 'ValidationPoll' could be found (are you missing a using directive or an assembly reference?) [F:\Meno\Outfit-Planner\src\OutfitPlanner.Application\OutfitPlanner.Application.csproj]
F:\Meno\Outfit-Planner\src\OutfitPlanner.Application\Features\Admin\Handlers\Commands\PollManagementCommandHandlers.cs(194,30): error CS1061: 'ValidationPoll' does not contain a definition for 'IsFeatured' and no accessible extension method 'IsFeatured' accepting a first argument of type 'ValidationPoll' could be found (are you missing a using directive or an assembly reference?) [F:\Meno\Outfit-Planner\src\OutfitPlanner.Application\OutfitPlanner.Application.csproj]
F:\Meno\Outfit-Planner\src\OutfitPlanner.Application\Features\Admin\Handlers\Commands\PollManagementCommandHandlers.cs(195,39): error CS0266: Cannot implicitly convert type 'OutfitPlanner.Application.DTOs.Admin.PollStatus' to 'OutfitPlanner.Domain.Enums.PollStatus'. An explicit conversion exists (are you missing a cast?) [F:\Meno\Outfit-Planner\src\OutfitPlanner.Application\OutfitPlanner.Application.csproj]
F:\Meno\Outfit-Planner\src\OutfitPlanner.Application\Features\Admin\Handlers\Commands\PollManagementCommandHandlers.cs(196,30): error CS1061: 'ValidationPoll' does not contain a definition for 'FeaturedAt' and no accessible extension method 'FeaturedAt' accepting a first argument of type 'ValidationPoll' could be found (are you missing a using directive or an assembly reference?) [F:\Meno\Outfit-Planner\src\OutfitPlanner.Application\OutfitPlanner.Application.csproj]
F:\Meno\Outfit-Planner\src\OutfitPlanner.Application\Features\Admin\Handlers\Commands\PollManagementCommandHandlers.cs(202,30): error CS1061: 'ValidationPoll' does not contain a definition for 'IsFeatured' and no accessible extension method 'IsFeatured' accepting a first argument of type 'ValidationPoll' could be found (are you missing a using directive or an assembly reference?) [F:\Meno\Outfit-Planner\src\OutfitPlanner.Application\OutfitPlanner.Application.csproj]
F:\Meno\Outfit-Planner\src\OutfitPlanner.Application\Features\Admin\Handlers\Commands\PollManagementCommandHandlers.cs(203,44): error CS1061: 'ValidationPoll' does not contain a definition for 'EndsAt' and no accessible extension method 'EndsAt' accepting a first argument of type 'ValidationPoll' could be found (are you missing a using directive or an assembly reference?) [F:\Meno\Outfit-Planner\src\OutfitPlanner.Application\OutfitPlanner.Application.csproj]
F:\Meno\Outfit-Planner\src\OutfitPlanner.Application\Features\Admin\Handlers\Commands\PollManagementCommandHandlers.cs(203,68): error CS1061: 'ValidationPoll' does not contain a definition for 'EndsAt' and no accessible extension method 'EndsAt' accepting a first argument of type 'ValidationPoll' could be found (are you missing a using directive or an assembly reference?) [F:\Meno\Outfit-Planner\src\OutfitPlanner.Application\OutfitPlanner.Application.csproj]
F:\Meno\Outfit-Planner\src\OutfitPlanner.Application\Features\Admin\Handlers\Commands\PollManagementCommandHandlers.cs(204,30): error CS1061: 'ValidationPoll' does not contain a definition for 'FeaturedAt' and no accessible extension method 'FeaturedAt' accepting a first argument of type 'ValidationPoll' could be found (are you missing a using directive or an assembly reference?) [F:\Meno\Outfit-Planner\src\OutfitPlanner.Application\OutfitPlanner.Application.csproj]
F:\Meno\Outfit-Planner\src\OutfitPlanner.Application\Features\Admin\Handlers\Commands\PollManagementCommandHandlers.cs(226,15): error CS0103: The name '_context' does not exist in the current context [F:\Meno\Outfit-Planner\src\OutfitPlanner.Application\OutfitPlanner.Application.csproj]
F:\Meno\Outfit-Planner\src\OutfitPlanner.Application\Features\Admin\Handlers\Queries\GetReportsQueryHandler.cs(25,43): error CS1061: 'IQueryable<ContentReport>' does not contain a definition for 'Include' and no accessible extension method 'Include' accepting a first argument of type 'IQueryable<ContentReport>' could be found (are you missing a using directive or an assembly reference?) [F:\Meno\Outfit-Planner\src\OutfitPlanner.Application\OutfitPlanner.Application.csproj]
F:\Meno\Outfit-Planner\src\OutfitPlanner.Application\Features\Admin\Handlers\Queries\GetReportsQueryHandler.cs(40,33): error CS0411: The type arguments for method 'AsyncEnumerable.CountAsync<TSource>(IAsyncEnumerable<TSource>, Func<TSource, bool>, CancellationToken)' cannot be inferred from the usage. Try specifying the type arguments explicitly. [F:\Meno\Outfit-Planner\src\OutfitPlanner.Application\OutfitPlanner.Application.csproj]
F:\Meno\Outfit-Planner\src\OutfitPlanner.Application\Features\Admin\Handlers\Queries\GetReportsQueryHandler.cs(47,19): error CS1061: 'ContentReport' does not contain a definition for 'ReporterUser' and no accessible extension method 'ReporterUser' accepting a first argument of type 'ContentReport' could be found (are you missing a using directive or an assembly reference?) [F:\Meno\Outfit-Planner\src\OutfitPlanner.Application\OutfitPlanner.Application.csproj]
F:\Meno\Outfit-Planner\src\OutfitPlanner.Application\Features\Admin\Handlers\Queries\GetReportsQueryHandler.cs(48,17): error CS1503: Argument 3: cannot convert from 'string' to 'System.Guid' [F:\Meno\Outfit-Planner\src\OutfitPlanner.Application\OutfitPlanner.Application.csproj]
F:\Meno\Outfit-Planner\src\OutfitPlanner.Application\Features\Admin\Handlers\Queries\GetRealtimeAnalyticsQueryHandler.cs(48,20): error CS7036: There is no argument given that corresponds to the required parameter 'LastUpdated' of 'RealtimeAnalyticsDto.RealtimeAnalyticsDto(int, int, int, DateTime)' [F:\Meno\Outfit-Planner\src\OutfitPlanner.Application\OutfitPlanner.Application.csproj]
F:\Meno\Outfit-Planner\src\OutfitPlanner.Application\Features\Admin\Handlers\Commands\PollManagementCommandHandlers.cs(138,86): error CS1061: 'IQueryable<ValidationPoll>' does not contain a definition for 'Include' and no accessible extension method 'Include' accepting a first argument of type 'IQueryable<ValidationPoll>' could be found (are you missing a using directive or an assembly reference?) [F:\Meno\Outfit-Planner\src\OutfitPlanner.Application\OutfitPlanner.Application.csproj]
F:\Meno\Outfit-Planner\src\OutfitPlanner.Application\Features\Admin\Handlers\Commands\PollManagementCommandHandlers.cs(107,18): error CS1061: 'ValidationPoll' does not contain a definition for 'IsFeatured' and no accessible extension method 'IsFeatured' accepting a first argument of type 'ValidationPoll' could be found (are you missing a using directive or an assembly reference?) [F:\Meno\Outfit-Planner\src\OutfitPlanner.Application\OutfitPlanner.Application.csproj]
F:\Meno\Outfit-Planner\src\OutfitPlanner.Application\Features\Admin\Handlers\Commands\PollManagementCommandHandlers.cs(108,32): error CS1061: 'ValidationPoll' does not contain a definition for 'EndsAt' and no accessible extension method 'EndsAt' accepting a first argument of type 'ValidationPoll' could be found (are you missing a using directive or an assembly reference?) [F:\Meno\Outfit-Planner\src\OutfitPlanner.Application\OutfitPlanner.Application.csproj]
F:\Meno\Outfit-Planner\src\OutfitPlanner.Application\Features\Admin\Handlers\Commands\PollManagementCommandHandlers.cs(108,56): error CS1061: 'ValidationPoll' does not contain a definition for 'EndsAt' and no accessible extension method 'EndsAt' accepting a first argument of type 'ValidationPoll' could be found (are you missing a using directive or an assembly reference?) [F:\Meno\Outfit-Planner\src\OutfitPlanner.Application\OutfitPlanner.Application.csproj]
F:\Meno\Outfit-Planner\src\OutfitPlanner.Application\Features\Admin\Handlers\Commands\PollManagementCommandHandlers.cs(109,18): error CS1061: 'ValidationPoll' does not contain a definition for 'FeaturedAt' and no accessible extension method 'FeaturedAt' accepting a first argument of type 'ValidationPoll' could be found (are you missing a using directive or an assembly reference?) [F:\Meno\Outfit-Planner\src\OutfitPlanner.Application\OutfitPlanner.Application.csproj]
F:\Meno\Outfit-Planner\src\OutfitPlanner.Application\Features\Admin\Handlers\Queries\GetRealtimeAnalyticsQueryHandler.cs(57,55): error CS0118: 'User' is a namespace but is used like a type [F:\Meno\Outfit-Planner\src\OutfitPlanner.Application\OutfitPlanner.Application.csproj]
F:\Meno\Outfit-Planner\src\OutfitPlanner.Application\Features\Admin\Handlers\Queries\GetRealtimeAnalyticsQueryHandler.cs(59,56): error CS0118: 'User' is a namespace but is used like a type [F:\Meno\Outfit-Planner\src\OutfitPlanner.Application\OutfitPlanner.Application.csproj]
F:\Meno\Outfit-Planner\src\OutfitPlanner.Application\Features\Admin\Handlers\Queries\GetRealtimeAnalyticsQueryHandler.cs(60,14): error CS0411: The type arguments for method 'ImmutableArrayExtensions.Where<T>(ImmutableArray<T>, Func<T, bool>)' cannot be inferred from the usage. Try specifying the type arguments explicitly. [F:\Meno\Outfit-Planner\src\OutfitPlanner.Application\OutfitPlanner.Application.csproj]
F:\Meno\Outfit-Planner\src\OutfitPlanner.Application\Features\Admin\Handlers\Queries\GetRealtimeAnalyticsQueryHandler.cs(64,53): error CS0118: 'User' is a namespace but is used like a type [F:\Meno\Outfit-Planner\src\OutfitPlanner.Application\OutfitPlanner.Application.csproj]
F:\Meno\Outfit-Planner\src\OutfitPlanner.Application\Features\Admin\Handlers\Queries\GetRealtimeAnalyticsQueryHandler.cs(65,14): error CS0411: The type arguments for method 'ImmutableArrayExtensions.Where<T>(ImmutableArray<T>, Func<T, bool>)' cannot be inferred from the usage. Try specifying the type arguments explicitly. [F:\Meno\Outfit-Planner\src\OutfitPlanner.Application\OutfitPlanner.Application.csproj]
F:\Meno\Outfit-Planner\src\OutfitPlanner.Application\Features\Admin\Handlers\Queries\GetRealtimeAnalyticsQueryHandler.cs(68,61): error CS0118: 'User' is a namespace but is used like a type [F:\Meno\Outfit-Planner\src\OutfitPlanner.Application\OutfitPlanner.Application.csproj]
F:\Meno\Outfit-Planner\src\OutfitPlanner.Application\Features\Admin\Handlers\Queries\GetRealtimeAnalyticsQueryHandler.cs(69,14): error CS0411: The type arguments for method 'ImmutableArrayExtensions.Where<T>(ImmutableArray<T>, Func<T, bool>)' cannot be inferred from the usage. Try specifying the type arguments explicitly. [F:\Meno\Outfit-Planner\src\OutfitPlanner.Application\OutfitPlanner.Application.csproj]
F:\Meno\Outfit-Planner\src\OutfitPlanner.Application\Features\Admin\Handlers\Queries\GetRealtimeAnalyticsQueryHandler.cs(84,52): error CS0452: The type 'UserRole' must be a reference type in order to use it as parameter 'TEntity' in the generic type or method 'IUnitOfWork.Repository<TEntity>()' [F:\Meno\Outfit-Planner\src\OutfitPlanner.Application\OutfitPlanner.Application.csproj]
F:\Meno\Outfit-Planner\src\OutfitPlanner.Application\Features\Admin\Handlers\Queries\GetRealtimeAnalyticsQueryHandler.cs(84,95): error CS1061: 'UserRole' does not contain a definition for 'Role' and no accessible extension method 'Role' accepting a first argument of type 'UserRole' could be found (are you missing a using directive or an assembly reference?) [F:\Meno\Outfit-Planner\src\OutfitPlanner.Application\OutfitPlanner.Application.csproj]
F:\Meno\Outfit-Planner\src\OutfitPlanner.Application\Features\Admin\Handlers\Queries\GetRealtimeAnalyticsQueryHandler.cs(85,54): error CS0452: The type 'UserRole' must be a reference type in order to use it as parameter 'TEntity' in the generic type or method 'IUnitOfWork.Repository<TEntity>()' [F:\Meno\Outfit-Planner\src\OutfitPlanner.Application\OutfitPlanner.Application.csproj]
F:\Meno\Outfit-Planner\src\OutfitPlanner.Application\Features\Admin\Handlers\Queries\GetRealtimeAnalyticsQueryHandler.cs(85,97): error CS1061: 'UserRole' does not contain a definition for 'Role' and no accessible extension method 'Role' accepting a first argument of type 'UserRole' could be found (are you missing a using directive or an assembly reference?) [F:\Meno\Outfit-Planner\src\OutfitPlanner.Application\OutfitPlanner.Application.csproj]
F:\Meno\Outfit-Planner\src\OutfitPlanner.Application\Features\Admin\Handlers\Queries\GetRealtimeAnalyticsQueryHandler.cs(90,13): error CS8852: Init-only property or indexer 'UserDemographics.Percentage' can only be assigned in an object initializer, or on 'this' or 'base' in an instance constructor or an 'init' accessor. [F:\Meno\Outfit-Planner\src\OutfitPlanner.Application\OutfitPlanner.Application.csproj]
F:\Meno\Outfit-Planner\src\OutfitPlanner.Application\Features\Admin\Handlers\Queries\GetAllSettingsQueryHandler.cs(25,29): error CS1061: 'SystemSetting' does not contain a definition for 'Category' and no accessible extension method 'Category' accepting a first argument of type 'SystemSetting' could be found (are you missing a using directive or an assembly reference?) [F:\Meno\Outfit-Planner\src\OutfitPlanner.Application\OutfitPlanner.Application.csproj]
F:\Meno\Outfit-Planner\src\OutfitPlanner.Application\Features\Admin\Handlers\Commands\PollManagementCommandHandlers.cs(71,18): error CS1061: 'ValidationPoll' does not contain a definition for 'IsFeatured' and no accessible extension method 'IsFeatured' accepting a first argument of type 'ValidationPoll' could be found (are you missing a using directive or an assembly reference?) [F:\Meno\Outfit-Planner\src\OutfitPlanner.Application\OutfitPlanner.Application.csproj]
F:\Meno\Outfit-Planner\src\OutfitPlanner.Application\Features\Admin\Handlers\Commands\PollManagementCommandHandlers.cs(72,65): error CS0117: 'PollStatus' does not contain a definition for 'Featured' [F:\Meno\Outfit-Planner\src\OutfitPlanner.Application\OutfitPlanner.Application.csproj]
F:\Meno\Outfit-Planner\src\OutfitPlanner.Application\Features\Admin\Handlers\Commands\PollManagementCommandHandlers.cs(73,18): error CS1061: 'ValidationPoll' does not contain a definition for 'FeaturedAt' and no accessible extension method 'FeaturedAt' accepting a first argument of type 'ValidationPoll' could be found (are you missing a using directive or an assembly reference?) [F:\Meno\Outfit-Planner\src\OutfitPlanner.Application\OutfitPlanner.Application.csproj]
F:\Meno\Outfit-Planner\src\OutfitPlanner.Application\Features\Admin\Handlers\Commands\PollManagementCommandHandlers.cs(37,18): error CS1061: 'ValidationPoll' does not contain a definition for 'EndsAt' and no accessible extension method 'EndsAt' accepting a first argument of type 'ValidationPoll' could be found (are you missing a using directive or an assembly reference?) [F:\Meno\Outfit-Planner\src\OutfitPlanner.Application\OutfitPlanner.Application.csproj]
F:\Meno\Outfit-Planner\src\OutfitPlanner.Application\Features\Admin\Handlers\Commands\OutfitManagementCommandHandlers.cs(208,36): error CS0103: The name '_context' does not exist in the current context [F:\Meno\Outfit-Planner\src\OutfitPlanner.Application\OutfitPlanner.Application.csproj]
F:\Meno\Outfit-Planner\src\OutfitPlanner.Application\Features\Admin\Handlers\Commands\OutfitManagementCommandHandlers.cs(209,49): error CS1061: 'CancellationToken' does not contain a definition for 'Id' and no accessible extension method 'Id' accepting a first argument of type 'CancellationToken' could be found (are you missing a using directive or an assembly reference?) [F:\Meno\Outfit-Planner\src\OutfitPlanner.Application\OutfitPlanner.Application.csproj]
F:\Meno\Outfit-Planner\src\OutfitPlanner.Application\Features\Admin\Handlers\Queries\GetRealtimeAnalyticsQueryHandler.cs(144,14): error CS0411: The type arguments for method 'AsyncEnumerable.ToListAsync<TSource>(IAsyncEnumerable<TSource>, CancellationToken)' cannot be inferred from the usage. Try specifying the type arguments explicitly. [F:\Meno\Outfit-Planner\src\OutfitPlanner.Application\OutfitPlanner.Application.csproj]
F:\Meno\Outfit-Planner\src\OutfitPlanner.Application\Features\Admin\Handlers\Queries\GetRealtimeAnalyticsQueryHandler.cs(147,14): error CS0411: The type arguments for method 'ImmutableArrayExtensions.Where<T>(ImmutableArray<T>, Func<T, bool>)' cannot be inferred from the usage. Try specifying the type arguments explicitly. [F:\Meno\Outfit-Planner\src\OutfitPlanner.Application\OutfitPlanner.Application.csproj]
F:\Meno\Outfit-Planner\src\OutfitPlanner.Application\Features\Admin\Handlers\Commands\OutfitManagementCommandHandlers.cs(171,88): error CS1061: 'IQueryable<Outfit>' does not contain a definition for 'Include' and no accessible extension method 'Include' accepting a first argument of type 'IQueryable<Outfit>' could be found (are you missing a using directive or an assembly reference?) [F:\Meno\Outfit-Planner\src\OutfitPlanner.Application\OutfitPlanner.Application.csproj]
F:\Meno\Outfit-Planner\src\OutfitPlanner.Application\Features\Admin\Handlers\Commands\OutfitManagementCommandHandlers.cs(141,20): error CS1061: 'Outfit' does not contain a definition for 'IsApproved' and no accessible extension method 'IsApproved' accepting a first argument of type 'Outfit' could be found (are you missing a using directive or an assembly reference?) [F:\Meno\Outfit-Planner\src\OutfitPlanner.Application\OutfitPlanner.Application.csproj]
F:\Meno\Outfit-Planner\src\OutfitPlanner.Application\Features\Admin\Handlers\Commands\OutfitManagementCommandHandlers.cs(142,20): error CS1061: 'Outfit' does not contain a definition for 'ApprovedAt' and no accessible extension method 'ApprovedAt' accepting a first argument of type 'Outfit' could be found (are you missing a using directive or an assembly reference?) [F:\Meno\Outfit-Planner\src\OutfitPlanner.Application\OutfitPlanner.Application.csproj]
F:\Meno\Outfit-Planner\src\OutfitPlanner.Application\Features\Admin\Handlers\Commands\OutfitManagementCommandHandlers.cs(106,20): error CS1061: 'Outfit' does not contain a definition for 'IsApproved' and no accessible extension method 'IsApproved' accepting a first argument of type 'Outfit' could be found (are you missing a using directive or an assembly reference?) [F:\Meno\Outfit-Planner\src\OutfitPlanner.Application\OutfitPlanner.Application.csproj]
F:\Meno\Outfit-Planner\src\OutfitPlanner.Application\Features\Admin\Handlers\Commands\OutfitManagementCommandHandlers.cs(107,20): error CS1061: 'Outfit' does not contain a definition for 'ApprovedAt' and no accessible extension method 'ApprovedAt' accepting a first argument of type 'Outfit' could be found (are you missing a using directive or an assembly reference?) [F:\Meno\Outfit-Planner\src\OutfitPlanner.Application\OutfitPlanner.Application.csproj]
F:\Meno\Outfit-Planner\src\OutfitPlanner.Application\Features\Admin\Handlers\Commands\OutfitManagementCommandHandlers.cs(71,20): error CS1061: 'Outfit' does not contain a definition for 'IsFeatured' and no accessible extension method 'IsFeatured' accepting a first argument of type 'Outfit' could be found (are you missing a using directive or an assembly reference?) [F:\Meno\Outfit-Planner\src\OutfitPlanner.Application\OutfitPlanner.Application.csproj]
F:\Meno\Outfit-Planner\src\OutfitPlanner.Application\Features\Admin\Handlers\Commands\OutfitManagementCommandHandlers.cs(72,20): error CS1061: 'Outfit' does not contain a definition for 'FeaturedAt' and no accessible extension method 'FeaturedAt' accepting a first argument of type 'Outfit' could be found (are you missing a using directive or an assembly reference?) [F:\Meno\Outfit-Planner\src\OutfitPlanner.Application\OutfitPlanner.Application.csproj]
F:\Meno\Outfit-Planner\src\OutfitPlanner.Application\Features\Admin\Handlers\Commands\OutfitManagementCommandHandlers.cs(36,20): error CS1061: 'Outfit' does not contain a definition for 'IsFeatured' and no accessible extension method 'IsFeatured' accepting a first argument of type 'Outfit' could be found (are you missing a using directive or an assembly reference?) [F:\Meno\Outfit-Planner\src\OutfitPlanner.Application\OutfitPlanner.Application.csproj]
F:\Meno\Outfit-Planner\src\OutfitPlanner.Application\Features\Admin\Handlers\Commands\OutfitManagementCommandHandlers.cs(37,20): error CS1061: 'Outfit' does not contain a definition for 'FeaturedAt' and no accessible extension method 'FeaturedAt' accepting a first argument of type 'Outfit' could be found (are you missing a using directive or an assembly reference?) [F:\Meno\Outfit-Planner\src\OutfitPlanner.Application\OutfitPlanner.Application.csproj]
F:\Meno\Outfit-Planner\src\OutfitPlanner.Application\Features\Admin\Handlers\Queries\GetPostsQueryHandler.cs(73,30): error CS1061: 'DateTime' does not contain a definition for 'DateTime' and no accessible extension method 'DateTime' accepting a first argument of type 'DateTime' could be found (are you missing a using directive or an assembly reference?) [F:\Meno\Outfit-Planner\src\OutfitPlanner.Application\OutfitPlanner.Application.csproj]
F:\Meno\Outfit-Planner\src\OutfitPlanner.Application\Features\Admin\Handlers\Queries\GetPostsQueryHandler.cs(61,30): error CS1729: 'AdminPostDto' does not contain a constructor that takes 13 arguments [F:\Meno\Outfit-Planner\src\OutfitPlanner.Application\OutfitPlanner.Application.csproj]
F:\Meno\Outfit-Planner\src\OutfitPlanner.Application\Features\Admin\Handlers\Queries\GetAuditLogsQueryHandler.cs(28,35): error CS1503: Argument 1: cannot convert from 'System.Guid?' to 'string?' [F:\Meno\Outfit-Planner\src\OutfitPlanner.Application\OutfitPlanner.Application.csproj]
F:\Meno\Outfit-Planner\src\OutfitPlanner.Application\Features\Admin\Handlers\Queries\GetAuditLogsQueryHandler.cs(30,38): error CS0019: Operator '==' cannot be applied to operands of type 'string' and 'Guid?' [F:\Meno\Outfit-Planner\src\OutfitPlanner.Application\OutfitPlanner.Application.csproj]
F:\Meno\Outfit-Planner\src\OutfitPlanner.Application\Features\Admin\Handlers\Queries\GetPollsQueryHandler.cs(64,19): error CS1061: 'ValidationPoll' does not contain a definition for 'CreatedById' and no accessible extension method 'CreatedById' accepting a first argument of type 'ValidationPoll' could be found (are you missing a using directive or an assembly reference?) [F:\Meno\Outfit-Planner\src\OutfitPlanner.Application\OutfitPlanner.Application.csproj]
F:\Meno\Outfit-Planner\src\OutfitPlanner.Application\Features\Admin\Handlers\Queries\GetPollsQueryHandler.cs(65,19): error CS1061: 'ValidationPoll' does not contain a definition for 'CreatedBy' and no accessible extension method 'CreatedBy' accepting a first argument of type 'ValidationPoll' could be found (are you missing a using directive or an assembly reference?) [F:\Meno\Outfit-Planner\src\OutfitPlanner.Application\OutfitPlanner.Application.csproj]
F:\Meno\Outfit-Planner\src\OutfitPlanner.Application\Features\Admin\Handlers\Queries\GetPollsQueryHandler.cs(71,19): error CS1061: 'ValidationPoll' does not contain a definition for 'EndsAt' and no accessible extension method 'EndsAt' accepting a first argument of type 'ValidationPoll' could be found (are you missing a using directive or an assembly reference?) [F:\Meno\Outfit-Planner\src\OutfitPlanner.Application\OutfitPlanner.Application.csproj]
F:\Meno\Outfit-Planner\src\OutfitPlanner.Application\Features\Admin\Handlers\Queries\GetPollsQueryHandler.cs(73,19): error CS1061: 'ValidationPoll' does not contain a definition for 'IsFeatured' and no accessible extension method 'IsFeatured' accepting a first argument of type 'ValidationPoll' could be found (are you missing a using directive or an assembly reference?) [F:\Meno\Outfit-Planner\src\OutfitPlanner.Application\OutfitPlanner.Application.csproj]
F:\Meno\Outfit-Planner\src\OutfitPlanner.Application\Features\Admin\Handlers\Queries\GetPollsQueryHandler.cs(74,19): error CS1061: 'ValidationPoll' does not contain a definition for 'FeaturedAt' and no accessible extension method 'FeaturedAt' accepting a first argument of type 'ValidationPoll' could be found (are you missing a using directive or an assembly reference?) [F:\Meno\Outfit-Planner\src\OutfitPlanner.Application\OutfitPlanner.Application.csproj]
F:\Meno\Outfit-Planner\src\OutfitPlanner.Application\Features\Admin\Handlers\Queries\GetPollsQueryHandler.cs(75,19): error CS1061: 'ValidationPoll' does not contain a definition for 'FeaturedById' and no accessible extension method 'FeaturedById' accepting a first argument of type 'ValidationPoll' could be found (are you missing a using directive or an assembly reference?) [F:\Meno\Outfit-Planner\src\OutfitPlanner.Application\OutfitPlanner.Application.csproj]
F:\Meno\Outfit-Planner\src\OutfitPlanner.Application\Features\Admin\Handlers\Queries\GetPollsQueryHandler.cs(62,30): error CS1729: 'AdminPollDto' does not contain a constructor that takes 13 arguments [F:\Meno\Outfit-Planner\src\OutfitPlanner.Application\OutfitPlanner.Application.csproj]
F:\Meno\Outfit-Planner\src\OutfitPlanner.Application\Features\Admin\Handlers\Commands\BanUserCommandHandler.cs(31,101): error CS0019: Operator '==' cannot be applied to operands of type 'string' and 'Guid' [F:\Meno\Outfit-Planner\src\OutfitPlanner.Application\OutfitPlanner.Application.csproj]
F:\Meno\Outfit-Planner\src\OutfitPlanner.Application\Features\Admin\Handlers\Commands\BanUserCommandHandler.cs(48,13): error CS1503: Argument 1: cannot convert from 'System.Guid' to 'string' [F:\Meno\Outfit-Planner\src\OutfitPlanner.Application\OutfitPlanner.Application.csproj]
F:\Meno\Outfit-Planner\src\OutfitPlanner.Application\Features\Admin\Handlers\Commands\BanUserCommandHandler.cs(50,13): error CS1503: Argument 3: cannot convert from 'string' to 'System.Guid' [F:\Meno\Outfit-Planner\src\OutfitPlanner.Application\OutfitPlanner.Application.csproj]
F:\Meno\Outfit-Planner\src\OutfitPlanner.Application\Features\Admin\Handlers\Commands\BanUserCommandHandler.cs(52,13): error CS1503: Argument 5: cannot convert from 'System.Guid' to 'string?' [F:\Meno\Outfit-Planner\src\OutfitPlanner.Application\OutfitPlanner.Application.csproj]
F:\Meno\Outfit-Planner\src\OutfitPlanner.Application\Features\Admin\Handlers\Commands\ApprovePostCommandHandler.cs(78,27): error CS0266: Cannot implicitly convert type 'OutfitPlanner.Application.DTOs.Admin.PostStatus' to 'OutfitPlanner.Domain.Enums.PostStatus'. An explicit conversion exists (are you missing a cast?) [F:\Meno\Outfit-Planner\src\OutfitPlanner.Application\OutfitPlanner.Application.csproj]
F:\Meno\Outfit-Planner\src\OutfitPlanner.Application\Features\Admin\Handlers\Queries\GetDashboardAnalyticsQueryHandler.cs(32,51): error CS0411: The type arguments for method 'AsyncEnumerable.CountAsync<TSource>(IAsyncEnumerable<TSource>, Func<TSource, bool>, CancellationToken)' cannot be inferred from the usage. Try specifying the type arguments explicitly. [F:\Meno\Outfit-Planner\src\OutfitPlanner.Application\OutfitPlanner.Application.csproj]
F:\Meno\Outfit-Planner\src\OutfitPlanner.Application\Features\Admin\Handlers\Queries\GetDashboardAnalyticsQueryHandler.cs(34,14): error CS0411: The type arguments for method 'AsyncEnumerable.CountAsync<TSource>(IAsyncEnumerable<TSource>, Func<TSource, bool>, CancellationToken)' cannot be inferred from the usage. Try specifying the type arguments explicitly. [F:\Meno\Outfit-Planner\src\OutfitPlanner.Application\OutfitPlanner.Application.csproj]
F:\Meno\Outfit-Planner\src\OutfitPlanner.Application\Features\Admin\Handlers\Queries\GetDashboardAnalyticsQueryHandler.cs(36,14): error CS0411: The type arguments for method 'AsyncEnumerable.CountAsync<TSource>(IAsyncEnumerable<TSource>, Func<TSource, bool>, CancellationToken)' cannot be inferred from the usage. Try specifying the type arguments explicitly. [F:\Meno\Outfit-Planner\src\OutfitPlanner.Application\OutfitPlanner.Application.csproj]
F:\Meno\Outfit-Planner\src\OutfitPlanner.Application\Features\Admin\Handlers\Queries\GetDashboardAnalyticsQueryHandler.cs(49,14): error CS0411: The type arguments for method 'AsyncEnumerable.CountAsync<TSource>(IAsyncEnumerable<TSource>, Func<TSource, bool>, CancellationToken)' cannot be inferred from the usage. Try specifying the type arguments explicitly. [F:\Meno\Outfit-Planner\src\OutfitPlanner.Application\OutfitPlanner.Application.csproj]
F:\Meno\Outfit-Planner\src\OutfitPlanner.Application\Features\Admin\Handlers\Queries\GetDashboardAnalyticsQueryHandler.cs(51,14): error CS0411: The type arguments for method 'AsyncEnumerable.CountAsync<TSource>(IAsyncEnumerable<TSource>, Func<TSource, bool>, CancellationToken)' cannot be inferred from the usage. Try specifying the type arguments explicitly. [F:\Meno\Outfit-Planner\src\OutfitPlanner.Application\OutfitPlanner.Application.csproj]
F:\Meno\Outfit-Planner\src\OutfitPlanner.Application\Features\Admin\Handlers\Queries\GetDashboardAnalyticsQueryHandler.cs(71,14): error CS0411: The type arguments for method 'AsyncEnumerable.CountAsync<TSource>(IAsyncEnumerable<TSource>, Func<TSource, bool>, CancellationToken)' cannot be inferred from the usage. Try specifying the type arguments explicitly. [F:\Meno\Outfit-Planner\src\OutfitPlanner.Application\OutfitPlanner.Application.csproj]
F:\Meno\Outfit-Planner\src\OutfitPlanner.Application\Features\Admin\Handlers\Commands\ApprovePostCommandHandler.cs(42,27): error CS0266: Cannot implicitly convert type 'OutfitPlanner.Application.DTOs.Admin.PostStatus' to 'OutfitPlanner.Domain.Enums.PostStatus'. An explicit conversion exists (are you missing a cast?) [F:\Meno\Outfit-Planner\src\OutfitPlanner.Application\OutfitPlanner.Application.csproj]
F:\Meno\Outfit-Planner\src\OutfitPlanner.Application\Features\Admin\Handlers\Queries\GetDetailedAnalyticsQueryHandler.cs(48,14): error CS0411: The type arguments for method 'ImmutableArrayExtensions.Where<T>(ImmutableArray<T>, Func<T, bool>)' cannot be inferred from the usage. Try specifying the type arguments explicitly. [F:\Meno\Outfit-Planner\src\OutfitPlanner.Application\OutfitPlanner.Application.csproj]
F:\Meno\Outfit-Planner\src\OutfitPlanner.Application\Features\Admin\Handlers\Queries\GetDetailedAnalyticsQueryHandler.cs(67,13): error CS8852: Init-only property or indexer 'UserDemographics.Percentage' can only be assigned in an object initializer, or on 'this' or 'base' in an instance constructor or an 'init' accessor. [F:\Meno\Outfit-Planner\src\OutfitPlanner.Application\OutfitPlanner.Application.csproj]
F:\Meno\Outfit-Planner\src\OutfitPlanner.Application\Features\Admin\Handlers\Queries\GetLockedAccountsQueryHandler.cs(26,56): error CS0118: 'User' is a namespace but is used like a type [F:\Meno\Outfit-Planner\src\OutfitPlanner.Application\OutfitPlanner.Application.csproj]
F:\Meno\Outfit-Planner\src\OutfitPlanner.Application\Features\Admin\Handlers\Queries\GetLockedAccountsQueryHandler.cs(33,17): error CS1503: Argument 5: cannot convert from 'string' to 'System.TimeSpan' [F:\Meno\Outfit-Planner\src\OutfitPlanner.Application\OutfitPlanner.Application.csproj]
F:\Meno\Outfit-Planner\src\OutfitPlanner.Application\Features\Admin\Handlers\Queries\GetDetailedAnalyticsQueryHandler.cs(87,14): error CS0411: The type arguments for method 'AsyncEnumerable.OrderByDescending<TSource, TKey>(IAsyncEnumerable<TSource>, Func<TSource, CancellationToken, ValueTask<TKey>>, IComparer<TKey>?)' cannot be inferred from the usage. Try specifying the type arguments explicitly. [F:\Meno\Outfit-Planner\src\OutfitPlanner.Application\OutfitPlanner.Application.csproj]
F:\Meno\Outfit-Planner\src\OutfitPlanner.Application\Features\Admin\Handlers\Queries\GetDetailedAnalyticsQueryHandler.cs(101,14): error CS0411: The type arguments for method 'AsyncEnumerable.OrderByDescending<TSource, TKey>(IAsyncEnumerable<TSource>, Func<TSource, CancellationToken, ValueTask<TKey>>, IComparer<TKey>?)' cannot be inferred from the usage. Try specifying the type arguments explicitly. [F:\Meno\Outfit-Planner\src\OutfitPlanner.Application\OutfitPlanner.Application.csproj]
F:\Meno\Outfit-Planner\src\OutfitPlanner.Application\Features\Admin\Handlers\Queries\GetDetailedAnalyticsQueryHandler.cs(144,14): error CS0411: The type arguments for method 'ImmutableArrayExtensions.Where<T>(ImmutableArray<T>, Func<T, bool>)' cannot be inferred from the usage. Try specifying the type arguments explicitly. [F:\Meno\Outfit-Planner\src\OutfitPlanner.Application\OutfitPlanner.Application.csproj]
F:\Meno\Outfit-Planner\src\OutfitPlanner.Application\Features\Admin\Handlers\Queries\GetDetailedAnalyticsQueryHandler.cs(152,14): error CS0411: The type arguments for method 'ImmutableArrayExtensions.Where<T>(ImmutableArray<T>, Func<T, bool>)' cannot be inferred from the usage. Try specifying the type arguments explicitly. [F:\Meno\Outfit-Planner\src\OutfitPlanner.Application\OutfitPlanner.Application.csproj]
F:\Meno\Outfit-Planner\src\OutfitPlanner.Application\Features\Admin\Handlers\Queries\GetDetailedAnalyticsQueryHandler.cs(159,14): error CS0411: The type arguments for method 'ImmutableArrayExtensions.Where<T>(ImmutableArray<T>, Func<T, bool>)' cannot be inferred from the usage. Try specifying the type arguments explicitly. [F:\Meno\Outfit-Planner\src\OutfitPlanner.Application\OutfitPlanner.Application.csproj]
F:\Meno\Outfit-Planner\src\OutfitPlanner.Application\Features\Admin\Handlers\Queries\GetDetailedAnalyticsQueryHandler.cs(166,38): error CS1061: 'TimeSeriesData' does not contain a definition for 'Date' and no accessible extension method 'Date' accepting a first argument of type 'TimeSeriesData' could be found (are you missing a using directive or an assembly reference?) [F:\Meno\Outfit-Planner\src\OutfitPlanner.Application\OutfitPlanner.Application.csproj]
F:\Meno\Outfit-Planner\src\OutfitPlanner.Application\Features\Admin\Handlers\Queries\GetOutfitsQueryHandler.cs(29,18): error CS0411: The type arguments for method 'EntityFrameworkQueryableExtensions.Include<TEntity, TProperty>(IQueryable<TEntity>, Expression<Func<TEntity, TProperty>>)' cannot be inferred from the usage. Try specifying the type arguments explicitly. [F:\Meno\Outfit-Planner\src\OutfitPlanner.Application\OutfitPlanner.Application.csproj]
F:\Meno\Outfit-Planner\src\OutfitPlanner.Application\Features\Admin\Handlers\Queries\GetOutfitsQueryHandler.cs(38,19): error CS1061: 'Outfit' does not contain a definition for 'Description' and no accessible extension method 'Description' accepting a first argument of type 'Outfit' could be found (are you missing a using directive or an assembly reference?) [F:\Meno\Outfit-Planner\src\OutfitPlanner.Application\OutfitPlanner.Application.csproj]
F:\Meno\Outfit-Planner\src\OutfitPlanner.Application\Features\Admin\Handlers\Queries\GetOutfitsQueryHandler.cs(39,20): error CS1061: 'Outfit' does not contain a definition for 'Tags' and no accessible extension method 'Tags' accepting a first argument of type 'Outfit' could be found (are you missing a using directive or an assembly reference?) [F:\Meno\Outfit-Planner\src\OutfitPlanner.Application\OutfitPlanner.Application.csproj]
F:\Meno\Outfit-Planner\src\OutfitPlanner.Application\Features\Admin\Handlers\Queries\GetOutfitsQueryHandler.cs(39,38): error CS1061: 'Outfit' does not contain a definition for 'Tags' and no accessible extension method 'Tags' accepting a first argument of type 'Outfit' could be found (are you missing a using directive or an assembly reference?) [F:\Meno\Outfit-Planner\src\OutfitPlanner.Application\OutfitPlanner.Application.csproj]
F:\Meno\Outfit-Planner\src\OutfitPlanner.Application\Features\Admin\Handlers\Queries\GetOutfitsQueryHandler.cs(49,52): error CS1061: 'Outfit' does not contain a definition for 'IsFeatured' and no accessible extension method 'IsFeatured' accepting a first argument of type 'Outfit' could be found (are you missing a using directive or an assembly reference?) [F:\Meno\Outfit-Planner\src\OutfitPlanner.Application\OutfitPlanner.Application.csproj]
F:\Meno\Outfit-Planner\src\OutfitPlanner.Application\Features\Admin\Handlers\Queries\GetOutfitsQueryHandler.cs(52,53): error CS1061: 'Outfit' does not contain a definition for 'IsApproved' and no accessible extension method 'IsApproved' accepting a first argument of type 'Outfit' could be found (are you missing a using directive or an assembly reference?) [F:\Meno\Outfit-Planner\src\OutfitPlanner.Application\OutfitPlanner.Application.csproj]
F:\Meno\Outfit-Planner\src\OutfitPlanner.Application\Features\Admin\Handlers\Queries\GetOutfitsQueryHandler.cs(55,53): error CS1061: 'Outfit' does not contain a definition for 'IsApproved' and no accessible extension method 'IsApproved' accepting a first argument of type 'Outfit' could be found (are you missing a using directive or an assembly reference?) [F:\Meno\Outfit-Planner\src\OutfitPlanner.Application\OutfitPlanner.Application.csproj]
F:\Meno\Outfit-Planner\src\OutfitPlanner.Application\Features\Admin\Handlers\Queries\GetOutfitsQueryHandler.cs(55,69): error CS1061: 'Outfit' does not contain a definition for 'ApprovedAt' and no accessible extension method 'ApprovedAt' accepting a first argument of type 'Outfit' could be found (are you missing a using directive or an assembly reference?) [F:\Meno\Outfit-Planner\src\OutfitPlanner.Application\OutfitPlanner.Application.csproj]
F:\Meno\Outfit-Planner\src\OutfitPlanner.Application\Features\Admin\Handlers\Queries\GetOutfitsQueryHandler.cs(82,19): error CS1061: 'Outfit' does not contain a definition for 'CreatedById' and no accessible extension method 'CreatedById' accepting a first argument of type 'Outfit' could be found (are you missing a using directive or an assembly reference?) [F:\Meno\Outfit-Planner\src\OutfitPlanner.Application\OutfitPlanner.Application.csproj]
F:\Meno\Outfit-Planner\src\OutfitPlanner.Application\Features\Admin\Handlers\Queries\GetOutfitsQueryHandler.cs(83,19): error CS1061: 'Outfit' does not contain a definition for 'CreatedBy' and no accessible extension method 'CreatedBy' accepting a first argument of type 'Outfit' could be found (are you missing a using directive or an assembly reference?) [F:\Meno\Outfit-Planner\src\OutfitPlanner.Application\OutfitPlanner.Application.csproj]
F:\Meno\Outfit-Planner\src\OutfitPlanner.Application\Features\Admin\Handlers\Queries\GetOutfitsQueryHandler.cs(85,19): error CS1061: 'Outfit' does not contain a definition for 'Description' and no accessible extension method 'Description' accepting a first argument of type 'Outfit' could be found (are you missing a using directive or an assembly reference?) [F:\Meno\Outfit-Planner\src\OutfitPlanner.Application\OutfitPlanner.Application.csproj]
F:\Meno\Outfit-Planner\src\OutfitPlanner.Application\Features\Admin\Handlers\Queries\GetOutfitsQueryHandler.cs(86,19): error CS1061: 'Outfit' does not contain a definition for 'Tags' and no accessible extension method 'Tags' accepting a first argument of type 'Outfit' could be found (are you missing a using directive or an assembly reference?) [F:\Meno\Outfit-Planner\src\OutfitPlanner.Application\OutfitPlanner.Application.csproj]
F:\Meno\Outfit-Planner\src\OutfitPlanner.Application\Features\Admin\Handlers\Queries\GetOutfitsQueryHandler.cs(87,19): error CS1061: 'Outfit' does not contain a definition for 'OutfitImages' and no accessible extension method 'OutfitImages' accepting a first argument of type 'Outfit' could be found (are you missing a using directive or an assembly reference?) [F:\Meno\Outfit-Planner\src\OutfitPlanner.Application\OutfitPlanner.Application.csproj]
F:\Meno\Outfit-Planner\src\OutfitPlanner.Application\Features\Admin\Handlers\Queries\GetOutfitsQueryHandler.cs(91,19): error CS1061: 'Outfit' does not contain a definition for 'IsFeatured' and no accessible extension method 'IsFeatured' accepting a first argument of type 'Outfit' could be found (are you missing a using directive or an assembly reference?) [F:\Meno\Outfit-Planner\src\OutfitPlanner.Application\OutfitPlanner.Application.csproj]
F:\Meno\Outfit-Planner\src\OutfitPlanner.Application\Features\Admin\Handlers\Queries\GetOutfitsQueryHandler.cs(92,19): error CS1061: 'Outfit' does not contain a definition for 'IsApproved' and no accessible extension method 'IsApproved' accepting a first argument of type 'Outfit' could be found (are you missing a using directive or an assembly reference?) [F:\Meno\Outfit-Planner\src\OutfitPlanner.Application\OutfitPlanner.Application.csproj]
F:\Meno\Outfit-Planner\src\OutfitPlanner.Application\Features\Admin\Handlers\Queries\GetOutfitsQueryHandler.cs(93,19): error CS1061: 'Outfit' does not contain a definition for 'FeaturedAt' and no accessible extension method 'FeaturedAt' accepting a first argument of type 'Outfit' could be found (are you missing a using directive or an assembly reference?) [F:\Meno\Outfit-Planner\src\OutfitPlanner.Application\OutfitPlanner.Application.csproj]
F:\Meno\Outfit-Planner\src\OutfitPlanner.Application\Features\Admin\Handlers\Queries\GetOutfitsQueryHandler.cs(93,43): error CS1061: 'Outfit' does not contain a definition for 'FeaturedAt' and no accessible extension method 'FeaturedAt' accepting a first argument of type 'Outfit' could be found (are you missing a using directive or an assembly reference?) [F:\Meno\Outfit-Planner\src\OutfitPlanner.Application\OutfitPlanner.Application.csproj]
F:\Meno\Outfit-Planner\src\OutfitPlanner.Application\Features\Admin\Handlers\Queries\GetOutfitsQueryHandler.cs(94,19): error CS1061: 'Outfit' does not contain a definition for 'FeaturedById' and no accessible extension method 'FeaturedById' accepting a first argument of type 'Outfit' could be found (are you missing a using directive or an assembly reference?) [F:\Meno\Outfit-Planner\src\OutfitPlanner.Application\OutfitPlanner.Application.csproj]
F:\Meno\Outfit-Planner\src\OutfitPlanner.Application\Features\Admin\Handlers\Queries\GetOutfitsQueryHandler.cs(95,19): error CS1061: 'Outfit' does not contain a definition for 'ApprovedAt' and no accessible extension method 'ApprovedAt' accepting a first argument of type 'Outfit' could be found (are you missing a using directive or an assembly reference?) [F:\Meno\Outfit-Planner\src\OutfitPlanner.Application\OutfitPlanner.Application.csproj]
F:\Meno\Outfit-Planner\src\OutfitPlanner.Application\Features\Admin\Handlers\Queries\GetOutfitsQueryHandler.cs(95,43): error CS1061: 'Outfit' does not contain a definition for 'ApprovedAt' and no accessible extension method 'ApprovedAt' accepting a first argument of type 'Outfit' could be found (are you missing a using directive or an assembly reference?) [F:\Meno\Outfit-Planner\src\OutfitPlanner.Application\OutfitPlanner.Application.csproj]
F:\Meno\Outfit-Planner\src\OutfitPlanner.Application\Features\Admin\Handlers\Queries\GetOutfitsQueryHandler.cs(96,19): error CS1061: 'Outfit' does not contain a definition for 'ApprovedById' and no accessible extension method 'ApprovedById' accepting a first argument of type 'Outfit' could be found (are you missing a using directive or an assembly reference?) [F:\Meno\Outfit-Planner\src\OutfitPlanner.Application\OutfitPlanner.Application.csproj]
F:\Meno\Outfit-Planner\src\OutfitPlanner.Application\Features\Admin\Handlers\Queries\GetOutfitsQueryHandler.cs(80,30): error CS1729: 'AdminOutfitDto' does not contain a constructor that takes 16 arguments [F:\Meno\Outfit-Planner\src\OutfitPlanner.Application\OutfitPlanner.Application.csproj]
F:\Meno\Outfit-Planner\src\OutfitPlanner.Application\Features\Admin\Handlers\Queries\GetDetailedAnalyticsQueryHandler.cs(174,14): error CS0411: The type arguments for method 'ImmutableArrayExtensions.Where<T>(ImmutableArray<T>, Func<T, bool>)' cannot be inferred from the usage. Try specifying the type arguments explicitly. [F:\Meno\Outfit-Planner\src\OutfitPlanner.Application\OutfitPlanner.Application.csproj]
F:\Meno\Outfit-Planner\src\OutfitPlanner.Application\Features\Admin\Handlers\Queries\GetDetailedAnalyticsQueryHandler.cs(178,14): error CS0411: The type arguments for method 'ImmutableArrayExtensions.Where<T>(ImmutableArray<T>, Func<T, bool>)' cannot be inferred from the usage. Try specifying the type arguments explicitly. [F:\Meno\Outfit-Planner\src\OutfitPlanner.Application\OutfitPlanner.Application.csproj]
F:\Meno\Outfit-Planner\src\OutfitPlanner.Application\Features\Admin\Handlers\Queries\GetDetailedAnalyticsQueryHandler.cs(186,14): error CS0411: The type arguments for method 'ImmutableArrayExtensions.Where<T>(ImmutableArray<T>, Func<T, bool>)' cannot be inferred from the usage. Try specifying the type arguments explicitly. [F:\Meno\Outfit-Planner\src\OutfitPlanner.Application\OutfitPlanner.Application.csproj]
F:\Meno\Outfit-Planner\src\OutfitPlanner.Application\Features\Admin\Handlers\Queries\GetDetailedAnalyticsQueryHandler.cs(190,14): error CS0411: The type arguments for method 'ImmutableArrayExtensions.Where<T>(ImmutableArray<T>, Func<T, bool>)' cannot be inferred from the usage. Try specifying the type arguments explicitly. [F:\Meno\Outfit-Planner\src\OutfitPlanner.Application\OutfitPlanner.Application.csproj]
    38 Warning(s)
    138 Error(s)

Time Elapsed 00:00:02.65
