  Determining projects to restore...
C:\Meno\Projects\Outfit Planner\src\OutfitPlanner.Application\OutfitPlanner.Application.csproj : warning NU1903: Package 'SixLabors.ImageSharp' 3.1.6 has a known high severity vulnerability, https://github.com/advisories/GHSA-2cmq-823j-5qj8 [C:\Meno\Projects\Outfit Planner\OutfitPlanner.sln]
C:\Meno\Projects\Outfit Planner\src\OutfitPlanner.Application\OutfitPlanner.Application.csproj : warning NU1902: Package 'SixLabors.ImageSharp' 3.1.6 has a known moderate severity vulnerability, https://github.com/advisories/GHSA-rxmq-m78w-7wmc [C:\Meno\Projects\Outfit Planner\OutfitPlanner.sln]
  All projects are up-to-date for restore.
C:\Meno\Projects\Outfit Planner\src\OutfitPlanner.Application\OutfitPlanner.Application.csproj : warning NU1903: Package 'SixLabors.ImageSharp' 3.1.6 has a known high severity vulnerability, https://github.com/advisories/GHSA-2cmq-823j-5qj8
C:\Meno\Projects\Outfit Planner\src\OutfitPlanner.Application\OutfitPlanner.Application.csproj : warning NU1902: Package 'SixLabors.ImageSharp' 3.1.6 has a known moderate severity vulnerability, https://github.com/advisories/GHSA-rxmq-m78w-7wmc
  OutfitPlanner.Domain -> C:\Meno\Projects\Outfit Planner\src\OutfitPlanner.Domain\bin\Debug\net9.0\OutfitPlanner.Domain.dll
  OutfitPlanner.Application -> C:\Meno\Projects\Outfit Planner\src\OutfitPlanner.Application\bin\Debug\net9.0\OutfitPlanner.Application.dll
  OutfitPlanner.Persistence -> C:\Meno\Projects\Outfit Planner\src\OutfitPlanner.Persistence\bin\Debug\net9.0\OutfitPlanner.Persistence.dll
  OutfitPlanner.Infrastructure -> C:\Meno\Projects\Outfit Planner\src\OutfitPlanner.Infrastructure\bin\Debug\net9.0\OutfitPlanner.Infrastructure.dll
C:\Meno\Projects\Outfit Planner\src\OutfitPlanner.Api\Middleware\ExceptionMiddleware.cs(14,16): warning CS8618: Non-nullable field 'errorDetails' must contain a non-null value when exiting constructor. Consider adding the 'required' modifier or declaring the field as nullable. [C:\Meno\Projects\Outfit Planner\src\OutfitPlanner.Api\OutfitPlanner.Api.csproj]
C:\Meno\Projects\Outfit Planner\src\OutfitPlanner.Api\Middleware\ExceptionMiddleware.cs(69,23): warning CS8618: Non-nullable property 'ErrorType' must contain a non-null value when exiting constructor. Consider adding the 'required' modifier or declaring the property as nullable. [C:\Meno\Projects\Outfit Planner\src\OutfitPlanner.Api\OutfitPlanner.Api.csproj]
C:\Meno\Projects\Outfit Planner\src\OutfitPlanner.Api\Middleware\ExceptionMiddleware.cs(70,23): warning CS8618: Non-nullable property 'ErrorMessage' must contain a non-null value when exiting constructor. Consider adding the 'required' modifier or declaring the property as nullable. [C:\Meno\Projects\Outfit Planner\src\OutfitPlanner.Api\OutfitPlanner.Api.csproj]
C:\Meno\Projects\Outfit Planner\src\OutfitPlanner.Api\Controllers\PollsController.cs(153,27): error CS0246: The type or namespace name 'ClosePollCommand' could not be found (are you missing a using directive or an assembly reference?) [C:\Meno\Projects\Outfit Planner\src\OutfitPlanner.Api\OutfitPlanner.Api.csproj]
C:\Meno\Projects\Outfit Planner\src\OutfitPlanner.Api\Controllers\WardrobeController.cs(100,36): warning CS8601: Possible null reference assignment. [C:\Meno\Projects\Outfit Planner\src\OutfitPlanner.Api\OutfitPlanner.Api.csproj]
C:\Meno\Projects\Outfit Planner\src\OutfitPlanner.Api\Controllers\WardrobeController.cs(101,40): warning CS8601: Possible null reference assignment. [C:\Meno\Projects\Outfit Planner\src\OutfitPlanner.Api\OutfitPlanner.Api.csproj]
C:\Meno\Projects\Outfit Planner\src\OutfitPlanner.Api\Controllers\WardrobeController.cs(140,36): warning CS8601: Possible null reference assignment. [C:\Meno\Projects\Outfit Planner\src\OutfitPlanner.Api\OutfitPlanner.Api.csproj]
C:\Meno\Projects\Outfit Planner\src\OutfitPlanner.Api\Controllers\WardrobeController.cs(141,40): warning CS8601: Possible null reference assignment. [C:\Meno\Projects\Outfit Planner\src\OutfitPlanner.Api\OutfitPlanner.Api.csproj]
C:\Meno\Projects\Outfit Planner\src\OutfitPlanner.Api\Middleware\ExceptionMiddleware.cs(13,31): warning CS0169: The field 'ExceptionMiddleware.errorDetails' is never used [C:\Meno\Projects\Outfit Planner\src\OutfitPlanner.Api\OutfitPlanner.Api.csproj]
C:\Meno\Projects\Outfit Planner\tests\OutfitPlanner.Application.UnitTests\Search\SearchServiceTests.cs(27,30): error CS7036: There is no argument given that corresponds to the required parameter 'cache' of 'SearchService.SearchService(AppDbContext, IMemoryCache)' [C:\Meno\Projects\Outfit Planner\tests\OutfitPlanner.Application.UnitTests\OutfitPlanner.Application.UnitTests.csproj]
C:\Meno\Projects\Outfit Planner\tests\OutfitPlanner.Application.UnitTests\Calendar\CreateCalendarEventCommandHandlerTests.cs(51,29): error CS0029: Cannot implicitly convert type 'System.TimeSpan' to 'string' [C:\Meno\Projects\Outfit Planner\tests\OutfitPlanner.Application.UnitTests\OutfitPlanner.Application.UnitTests.csproj]
C:\Meno\Projects\Outfit Planner\tests\OutfitPlanner.Application.UnitTests\Calendar\CreateCalendarEventCommandHandlerTests.cs(52,27): error CS0029: Cannot implicitly convert type 'System.TimeSpan' to 'string' [C:\Meno\Projects\Outfit Planner\tests\OutfitPlanner.Application.UnitTests\OutfitPlanner.Application.UnitTests.csproj]
C:\Meno\Projects\Outfit Planner\tests\OutfitPlanner.Application.UnitTests\Calendar\CreateCalendarEventCommandHandlerTests.cs(98,29): error CS0029: Cannot implicitly convert type 'System.TimeSpan' to 'string' [C:\Meno\Projects\Outfit Planner\tests\OutfitPlanner.Application.UnitTests\OutfitPlanner.Application.UnitTests.csproj]
C:\Meno\Projects\Outfit Planner\tests\OutfitPlanner.Application.UnitTests\Calendar\CreateCalendarEventCommandHandlerTests.cs(99,27): error CS0029: Cannot implicitly convert type 'System.TimeSpan' to 'string' [C:\Meno\Projects\Outfit Planner\tests\OutfitPlanner.Application.UnitTests\OutfitPlanner.Application.UnitTests.csproj]

Build FAILED.

C:\Meno\Projects\Outfit Planner\src\OutfitPlanner.Application\OutfitPlanner.Application.csproj : warning NU1903: Package 'SixLabors.ImageSharp' 3.1.6 has a known high severity vulnerability, https://github.com/advisories/GHSA-2cmq-823j-5qj8 [C:\Meno\Projects\Outfit Planner\OutfitPlanner.sln]
C:\Meno\Projects\Outfit Planner\src\OutfitPlanner.Application\OutfitPlanner.Application.csproj : warning NU1902: Package 'SixLabors.ImageSharp' 3.1.6 has a known moderate severity vulnerability, https://github.com/advisories/GHSA-rxmq-m78w-7wmc [C:\Meno\Projects\Outfit Planner\OutfitPlanner.sln]
C:\Meno\Projects\Outfit Planner\src\OutfitPlanner.Application\OutfitPlanner.Application.csproj : warning NU1903: Package 'SixLabors.ImageSharp' 3.1.6 has a known high severity vulnerability, https://github.com/advisories/GHSA-2cmq-823j-5qj8
C:\Meno\Projects\Outfit Planner\src\OutfitPlanner.Application\OutfitPlanner.Application.csproj : warning NU1902: Package 'SixLabors.ImageSharp' 3.1.6 has a known moderate severity vulnerability, https://github.com/advisories/GHSA-rxmq-m78w-7wmc
C:\Meno\Projects\Outfit Planner\src\OutfitPlanner.Api\Middleware\ExceptionMiddleware.cs(14,16): warning CS8618: Non-nullable field 'errorDetails' must contain a non-null value when exiting constructor. Consider adding the 'required' modifier or declaring the field as nullable. [C:\Meno\Projects\Outfit Planner\src\OutfitPlanner.Api\OutfitPlanner.Api.csproj]
C:\Meno\Projects\Outfit Planner\src\OutfitPlanner.Api\Middleware\ExceptionMiddleware.cs(69,23): warning CS8618: Non-nullable property 'ErrorType' must contain a non-null value when exiting constructor. Consider adding the 'required' modifier or declaring the property as nullable. [C:\Meno\Projects\Outfit Planner\src\OutfitPlanner.Api\OutfitPlanner.Api.csproj]
C:\Meno\Projects\Outfit Planner\src\OutfitPlanner.Api\Middleware\ExceptionMiddleware.cs(70,23): warning CS8618: Non-nullable property 'ErrorMessage' must contain a non-null value when exiting constructor. Consider adding the 'required' modifier or declaring the property as nullable. [C:\Meno\Projects\Outfit Planner\src\OutfitPlanner.Api\OutfitPlanner.Api.csproj]
C:\Meno\Projects\Outfit Planner\src\OutfitPlanner.Api\Controllers\WardrobeController.cs(100,36): warning CS8601: Possible null reference assignment. [C:\Meno\Projects\Outfit Planner\src\OutfitPlanner.Api\OutfitPlanner.Api.csproj]
C:\Meno\Projects\Outfit Planner\src\OutfitPlanner.Api\Controllers\WardrobeController.cs(101,40): warning CS8601: Possible null reference assignment. [C:\Meno\Projects\Outfit Planner\src\OutfitPlanner.Api\OutfitPlanner.Api.csproj]
C:\Meno\Projects\Outfit Planner\src\OutfitPlanner.Api\Controllers\WardrobeController.cs(140,36): warning CS8601: Possible null reference assignment. [C:\Meno\Projects\Outfit Planner\src\OutfitPlanner.Api\OutfitPlanner.Api.csproj]
C:\Meno\Projects\Outfit Planner\src\OutfitPlanner.Api\Controllers\WardrobeController.cs(141,40): warning CS8601: Possible null reference assignment. [C:\Meno\Projects\Outfit Planner\src\OutfitPlanner.Api\OutfitPlanner.Api.csproj]
C:\Meno\Projects\Outfit Planner\src\OutfitPlanner.Api\Middleware\ExceptionMiddleware.cs(13,31): warning CS0169: The field 'ExceptionMiddleware.errorDetails' is never used [C:\Meno\Projects\Outfit Planner\src\OutfitPlanner.Api\OutfitPlanner.Api.csproj]
C:\Meno\Projects\Outfit Planner\src\OutfitPlanner.Api\Controllers\PollsController.cs(153,27): error CS0246: The type or namespace name 'ClosePollCommand' could not be found (are you missing a using directive or an assembly reference?) [C:\Meno\Projects\Outfit Planner\src\OutfitPlanner.Api\OutfitPlanner.Api.csproj]
C:\Meno\Projects\Outfit Planner\tests\OutfitPlanner.Application.UnitTests\Search\SearchServiceTests.cs(27,30): error CS7036: There is no argument given that corresponds to the required parameter 'cache' of 'SearchService.SearchService(AppDbContext, IMemoryCache)' [C:\Meno\Projects\Outfit Planner\tests\OutfitPlanner.Application.UnitTests\OutfitPlanner.Application.UnitTests.csproj]
C:\Meno\Projects\Outfit Planner\tests\OutfitPlanner.Application.UnitTests\Calendar\CreateCalendarEventCommandHandlerTests.cs(51,29): error CS0029: Cannot implicitly convert type 'System.TimeSpan' to 'string' [C:\Meno\Projects\Outfit Planner\tests\OutfitPlanner.Application.UnitTests\OutfitPlanner.Application.UnitTests.csproj]
C:\Meno\Projects\Outfit Planner\tests\OutfitPlanner.Application.UnitTests\Calendar\CreateCalendarEventCommandHandlerTests.cs(52,27): error CS0029: Cannot implicitly convert type 'System.TimeSpan' to 'string' [C:\Meno\Projects\Outfit Planner\tests\OutfitPlanner.Application.UnitTests\OutfitPlanner.Application.UnitTests.csproj]
C:\Meno\Projects\Outfit Planner\tests\OutfitPlanner.Application.UnitTests\Calendar\CreateCalendarEventCommandHandlerTests.cs(98,29): error CS0029: Cannot implicitly convert type 'System.TimeSpan' to 'string' [C:\Meno\Projects\Outfit Planner\tests\OutfitPlanner.Application.UnitTests\OutfitPlanner.Application.UnitTests.csproj]
C:\Meno\Projects\Outfit Planner\tests\OutfitPlanner.Application.UnitTests\Calendar\CreateCalendarEventCommandHandlerTests.cs(99,27): error CS0029: Cannot implicitly convert type 'System.TimeSpan' to 'string' [C:\Meno\Projects\Outfit Planner\tests\OutfitPlanner.Application.UnitTests\OutfitPlanner.Application.UnitTests.csproj]
    12 Warning(s)
    6 Error(s)

Time Elapsed 00:00:05.90
